Component: ARM Compiler 6.16 Tool: armlink [5dfeaa00]

==============================================================================

Section Cross References

    main.o(.text.main) refers to puls.o(.text.PulsInit) for PulsInit
    main.o(.text.main) refers to led.o(.text.LedInit) for LedInit
    main.o(.text.main) refers to sysclock.o(.text.pllInit) for pllInit
    main.o(.text.main) refers to taskled.o(.text.vTask_LED_rosso) for vTask_LED_rosso
    main.o(.text.main) refers to tasks.o(.text.xTaskCreate) for xTaskCreate
    main.o(.text.main) refers to main.o(.rodata.str1.1) for .L.str.1
    main.o(.text.main) refers to taskled.o(.text.vTask_LED_verde) for vTask_LED_verde
    main.o(.text.main) refers to taskled.o(.text.vTask_PA0) for vTask_PA0
    main.o(.text.main) refers to tasks.o(.text.vTaskStartScheduler) for vTaskStartScheduler
    main.o(.ARM.exidx.text.main) refers to main.o(.text.main) for [Anonymous Symbol]
    led.o(.text.LedInit) refers to led.o(.text.LedRedInit) for LedRedInit
    led.o(.text.LedInit) refers to led.o(.text.LedGreenInit) for LedGreenInit
    led.o(.ARM.exidx.text.LedInit) refers to led.o(.text.LedInit) for [Anonymous Symbol]
    led.o(.ARM.exidx.text.LedRedInit) refers to led.o(.text.LedRedInit) for [Anonymous Symbol]
    led.o(.ARM.exidx.text.LedGreenInit) refers to led.o(.text.LedGreenInit) for [Anonymous Symbol]
    led.o(.ARM.exidx.text.LedRedOn) refers to led.o(.text.LedRedOn) for [Anonymous Symbol]
    led.o(.ARM.exidx.text.LedRedOff) refers to led.o(.text.LedRedOff) for [Anonymous Symbol]
    led.o(.ARM.exidx.text.LedRedToggle) refers to led.o(.text.LedRedToggle) for [Anonymous Symbol]
    led.o(.ARM.exidx.text.LedGreenOn) refers to led.o(.text.LedGreenOn) for [Anonymous Symbol]
    led.o(.ARM.exidx.text.LedGreenOff) refers to led.o(.text.LedGreenOff) for [Anonymous Symbol]
    led.o(.ARM.exidx.text.LedGreenToggle) refers to led.o(.text.LedGreenToggle) for [Anonymous Symbol]
    led.o(.text.LedRedBlink) refers to led.o(.text.LedRedToggle) for LedRedToggle
    led.o(.text.LedRedBlink) refers to sysclock.o(.text.delay) for delay
    led.o(.ARM.exidx.text.LedRedBlink) refers to led.o(.text.LedRedBlink) for [Anonymous Symbol]
    led.o(.text.LedGreenBlink) refers to led.o(.text.LedGreenToggle) for LedGreenToggle
    led.o(.text.LedGreenBlink) refers to sysclock.o(.text.delay) for delay
    led.o(.ARM.exidx.text.LedGreenBlink) refers to led.o(.text.LedGreenBlink) for [Anonymous Symbol]
    led.o(.text.LedBlink) refers to led.o(.text.LedGreenBlink) for LedGreenBlink
    led.o(.text.LedBlink) refers to led.o(.text.LedRedBlink) for LedRedBlink
    led.o(.ARM.exidx.text.LedBlink) refers to led.o(.text.LedBlink) for [Anonymous Symbol]
    led.o(.ARM.exidx.text.LedGreenCheck) refers to led.o(.text.LedGreenCheck) for [Anonymous Symbol]
    led.o(.ARM.exidx.text.LedRedCheck) refers to led.o(.text.LedRedCheck) for [Anonymous Symbol]
    puls.o(.text.PulsInit) refers to puls.o(.text.SwCxInit) for SwCxInit
    puls.o(.text.PulsInit) refers to puls.o(.text.SwSxInit) for SwSxInit
    puls.o(.text.PulsInit) refers to puls.o(.text.SwRxInit) for SwRxInit
    puls.o(.text.PulsInit) refers to puls.o(.text.SwUpInit) for SwUpInit
    puls.o(.text.PulsInit) refers to puls.o(.text.SwDwInit) for SwDwInit
    puls.o(.ARM.exidx.text.PulsInit) refers to puls.o(.text.PulsInit) for [Anonymous Symbol]
    puls.o(.ARM.exidx.text.SwCxInit) refers to puls.o(.text.SwCxInit) for [Anonymous Symbol]
    puls.o(.ARM.exidx.text.SwSxInit) refers to puls.o(.text.SwSxInit) for [Anonymous Symbol]
    puls.o(.ARM.exidx.text.SwRxInit) refers to puls.o(.text.SwRxInit) for [Anonymous Symbol]
    puls.o(.ARM.exidx.text.SwUpInit) refers to puls.o(.text.SwUpInit) for [Anonymous Symbol]
    puls.o(.ARM.exidx.text.SwDwInit) refers to puls.o(.text.SwDwInit) for [Anonymous Symbol]
    puls.o(.ARM.exidx.text.SwCxPress) refers to puls.o(.text.SwCxPress) for [Anonymous Symbol]
    puls.o(.text.SwSxPress) refers to led.o(.text.LedRedOn) for LedRedOn
    puls.o(.ARM.exidx.text.SwSxPress) refers to puls.o(.text.SwSxPress) for [Anonymous Symbol]
    puls.o(.text.SwUpPress) refers to led.o(.text.LedRedOff) for LedRedOff
    puls.o(.ARM.exidx.text.SwUpPress) refers to puls.o(.text.SwUpPress) for [Anonymous Symbol]
    puls.o(.text.SwDwPress) refers to led.o(.text.LedGreenOn) for LedGreenOn
    puls.o(.ARM.exidx.text.SwDwPress) refers to puls.o(.text.SwDwPress) for [Anonymous Symbol]
    puls.o(.text.SwRxPress) refers to led.o(.text.LedGreenOff) for LedGreenOff
    puls.o(.ARM.exidx.text.SwRxPress) refers to puls.o(.text.SwRxPress) for [Anonymous Symbol]
    sysclock.o(.text.MSIInit) refers to system_stm32l4xx.o(.text.SystemCoreClockUpdate) for SystemCoreClockUpdate
    sysclock.o(.ARM.exidx.text.MSIInit) refers to sysclock.o(.text.MSIInit) for [Anonymous Symbol]
    sysclock.o(.text.pllInit) refers to system_stm32l4xx.o(.text.SystemCoreClockUpdate) for SystemCoreClockUpdate
[...]
    .ARM.Collect$$libinit$$00000017          0x08000202   Section        0  libinit2.o(.ARM.Collect$$libinit$$00000017)
    .ARM.Collect$$libinit$$00000019          0x08000202   Section        0  libinit2.o(.ARM.Collect$$libinit$$00000019)
    .ARM.Collect$$libinit$$0000001B          0x08000202   Section        0  libinit2.o(.ARM.Collect$$libinit$$0000001B)
    .ARM.Collect$$libinit$$0000001D          0x08000202   Section        0  libinit2.o(.ARM.Collect$$libinit$$0000001D)
    .ARM.Collect$$libinit$$0000001F          0x08000202   Section        0  libinit2.o(.ARM.Collect$$libinit$$0000001F)
    .ARM.Collect$$libinit$$00000021          0x08000202   Section        0  libinit2.o(.ARM.Collect$$libinit$$00000021)
    .ARM.Collect$$libinit$$00000023          0x08000202   Section        0  libinit2.o(.ARM.Collect$$libinit$$00000023)
    .ARM.Collect$$libinit$$00000025          0x08000202   Section        0  libinit2.o(.ARM.Collect$$libinit$$00000025)
    .ARM.Collect$$libinit$$0000002C          0x08000202   Section        0  libinit2.o(.ARM.Collect$$libinit$$0000002C)
    .ARM.Collect$$libinit$$0000002E          0x08000202   Section        0  libinit2.o(.ARM.Collect$$libinit$$0000002E)
    .ARM.Collect$$libinit$$00000030          0x08000202   Section        0  libinit2.o(.ARM.Collect$$libinit$$00000030)
    .ARM.Collect$$libinit$$00000032          0x08000202   Section        0  libinit2.o(.ARM.Collect$$libinit$$00000032)
    .ARM.Collect$$libinit$$00000033          0x08000202   Section        2  libinit2.o(.ARM.Collect$$libinit$$00000033)
    .ARM.Collect$$libshutdown$$00000000      0x08000204   Section        2  libshutdown.o(.ARM.Collect$$libshutdown$$00000000)
    .ARM.Collect$$libshutdown$$00000002      0x08000206   Section        0  libshutdown2.o(.ARM.Collect$$libshutdown$$00000002)
    .ARM.Collect$$libshutdown$$00000004      0x08000206   Section        0  libshutdown2.o(.ARM.Collect$$libshutdown$$00000004)
    .ARM.Collect$$libshutdown$$00000007      0x08000206   Section        0  libshutdown2.o(.ARM.Collect$$libshutdown$$00000007)
    .ARM.Collect$$libshutdown$$0000000A      0x08000206   Section        0  libshutdown2.o(.ARM.Collect$$libshutdown$$0000000A)
    .ARM.Collect$$libshutdown$$0000000C      0x08000206   Section        0  libshutdown2.o(.ARM.Collect$$libshutdown$$0000000C)
    .ARM.Collect$$libshutdown$$0000000F      0x08000206   Section        0  libshutdown2.o(.ARM.Collect$$libshutdown$$0000000F)
    .ARM.Collect$$libshutdown$$00000010      0x08000206   Section        2  libshutdown2.o(.ARM.Collect$$libshutdown$$00000010)
    .ARM.Collect$$rtentry$$00000000          0x08000208   Section        0  __rtentry.o(.ARM.Collect$$rtentry$$00000000)
    .ARM.Collect$$rtentry$$00000002          0x08000208   Section        0  __rtentry2.o(.ARM.Collect$$rtentry$$00000002)
    .ARM.Collect$$rtentry$$00000004          0x08000208   Section        6  __rtentry4.o(.ARM.Collect$$rtentry$$00000004)
    .ARM.Collect$$rtentry$$00000008          0x0800020e   Section        8  __rtentry2.o(.ARM.Collect$$rtentry$$00000008)
    .ARM.Collect$$rtentry$$0000000A          0x08000216   Section        4  __rtentry2.o(.ARM.Collect$$rtentry$$0000000A)
    .ARM.Collect$$rtentry$$0000000C          0x0800021a   Section        0  __rtentry2.o(.ARM.Collect$$rtentry$$0000000C)
    .ARM.Collect$$rtentry$$0000000D          0x0800021a   Section        8  __rtentry2.o(.ARM.Collect$$rtentry$$0000000D)
    .ARM.Collect$$rtexit$$00000000           0x08000222   Section        2  rtexit.o(.ARM.Collect$$rtexit$$00000000)
    .ARM.Collect$$rtexit$$00000002           0x08000224   Section        0  rtexit2.o(.ARM.Collect$$rtexit$$00000002)
    .ARM.Collect$$rtexit$$00000003           0x08000224   Section        4  rtexit2.o(.ARM.Collect$$rtexit$$00000003)
    .ARM.Collect$$rtexit$$00000004           0x08000228   Section        6  rtexit2.o(.ARM.Collect$$rtexit$$00000004)
    $v0                                      0x08000230   Number         0  startup_stm32l476xx.o(.text)
    .text                                    0x08000230   Section       64  startup_stm32l476xx.o(.text)
    .text                                    0x08000270   Section      138  rt_memcpy_v6.o(.text)
    .text                                    0x080002fa   Section       16  aeabi_memset4.o(.text)
    .text                                    0x0800030a   Section        0  heapauxi.o(.text)
    .text                                    0x08000310   Section      100  rt_memcpy_w.o(.text)
    .text                                    0x08000374   Section       78  rt_memclr_w.o(.text)
    .text                                    0x080003c2   Section       74  sys_stackheap_outer.o(.text)
    .text                                    0x0800040c   Section        0  exit.o(.text)
    .text                                    0x08000420   Section        8  libspace.o(.text)
    .text                                    0x08000428   Section        0  sys_exit.o(.text)
    .text                                    0x08000434   Section        2  use_no_semi.o(.text)
    .text                                    0x08000436   Section        0  indicate_semi.o(.text)
    [Anonymous Symbol]                       0x08000438   Section        0  led.o(.text.LedGreenInit)
    [Anonymous Symbol]                       0x08000464   Section        0  led.o(.text.LedGreenToggle)
    [Anonymous Symbol]                       0x08000478   Section        0  led.o(.text.LedInit)
    [Anonymous Symbol]                       0x08000484   Section        0  led.o(.text.LedRedInit)
    [Anonymous Symbol]                       0x080004b0   Section        0  led.o(.text.LedRedToggle)
    [Anonymous Symbol]                       0x080004d0   Section        0  port.o(.text.PendSV_Handler)
    pxCurrentTCBConst                        0x08000530   Number         0  port.o(.text.PendSV_Handler)
    [Anonymous Symbol]                       0x0800054c   Section        0  puls.o(.text.PulsInit)
    [Anonymous Symbol]                       0x08000570   Section        0  port.o(.text.SVC_Handler)
    pxCurrentTCBConst2                       0x08000590   Number         0  port.o(.text.SVC_Handler)
    [Anonymous Symbol]                       0x080005a0   Section        0  puls.o(.text.SwCxInit)
    [Anonymous Symbol]                       0x080005d4   Section        0  puls.o(.text.SwCxPress)
    [Anonymous Symbol]                       0x080005e4   Section        0  puls.o(.text.SwDwInit)
    [Anonymous Symbol]                       0x08000618   Section        0  puls.o(.text.SwRxInit)
    [Anonymous Symbol]                       0x0800064c   Section        0  puls.o(.text.SwSxInit)
    [Anonymous Symbol]                       0x08000680   Section        0  puls.o(.text.SwUpInit)
    [Anonymous Symbol]                       0x080006b4   Section        0  cmsis_os2.o(.text.SysTick_Handler)
    [Anonymous Symbol]                       0x080006d0   Section        0  system_stm32l4xx.o(.text.SystemCoreClockUpdate)
    [Anonymous Symbol]                       0x08000790   Section        0  system_stm32l4xx.o(.text.SystemInit)
    __tagsym$$used.1                         0x080007d4   Number         0  clib_arm.o(.text._mutex_acquire)
    [Anonymous Symbol]                       0x080007d4   Section        0  clib_arm.o(.text._mutex_acquire)
    __tagsym$$used.3                         0x080007f0   Number         0  clib_arm.o(.text._mutex_free)
    [Anonymous Symbol]                       0x080007f0   Section        0  clib_arm.o(.text._mutex_free)
    __tagsym$$used.0                         0x08000820   Number         0  clib_arm.o(.text._mutex_initialize)
    [Anonymous Symbol]                       0x08000820   Section        0  clib_arm.o(.text._mutex_initialize)
    __tagsym$$used.2                         0x08000874   Number         0  clib_arm.o(.text._mutex_release)
    [Anonymous Symbol]                       0x08000874   Section        0  clib_arm.o(.text._mutex_release)
    [Anonymous Symbol]                       0x08000890   Section        0  clib_arm.o(.text._platform_post_stackheap_init)
    [Anonymous Symbol]                       0x08000894   Section        0  main.o(.text.main)
    os_kernel_is_active                      0x08000921   Thumb Code    16  clib_arm.o(.text.os_kernel_is_active)
    [Anonymous Symbol]                       0x08000920   Section        0  clib_arm.o(.text.os_kernel_is_active)
    [Anonymous Symbol]                       0x08000930   Section        0  sysclock.o(.text.pllInit)
    prvAddCurrentTaskToDelayedList           0x08000a25   Thumb Code   156  tasks.o(.text.prvAddCurrentTaskToDelayedList)
    [Anonymous Symbol]                       0x08000a24   Section        0  tasks.o(.text.prvAddCurrentTaskToDelayedList)
    prvAddNewTaskToReadyList                 0x08000ac1   Thumb Code   204  tasks.o(.text.prvAddNewTaskToReadyList)
    [Anonymous Symbol]                       0x08000ac0   Section        0  tasks.o(.text.prvAddNewTaskToReadyList)
    prvCheckForValidListAndQueue             0x08000b8d   Thumb Code   106  timers.o(.text.prvCheckForValidListAndQueue)
    [Anonymous Symbol]                       0x08000b8c   Section        0  timers.o(.text.prvCheckForValidListAndQueue)
    prvCheckTasksWaitingTermination          0x08000bf9   Thumb Code    78  tasks.o(.text.prvCheckTasksWaitingTermination)
    [Anonymous Symbol]                       0x08000bf8   Section        0  tasks.o(.text.prvCheckTasksWaitingTermination)
    prvCopyDataFromQueue                     0x08000c49   Thumb Code    38  queue.o(.text.prvCopyDataFromQueue)
    [Anonymous Symbol]                       0x08000c48   Section        0  queue.o(.text.prvCopyDataFromQueue)
    prvCopyDataToQueue                       0x08000c71   Thumb Code   122  queue.o(.text.prvCopyDataToQueue)
    [Anonymous Symbol]                       0x08000c70   Section        0  queue.o(.text.prvCopyDataToQueue)
    prvDeleteTCB                             0x08000ced   Thumb Code    32  tasks.o(.text.prvDeleteTCB)
    [Anonymous Symbol]                       0x08000cec   Section        0  tasks.o(.text.prvDeleteTCB)
    prvGetDisinheritPriorityAfterTimeout     0x08000d0d   Thumb Code    18  queue.o(.text.prvGetDisinheritPriorityAfterTimeout)
    [Anonymous Symbol]                       0x08000d0c   Section        0  queue.o(.text.prvGetDisinheritPriorityAfterTimeout)
    prvGetNextExpireTime                     0x08000d21   Thumb Code    32  timers.o(.text.prvGetNextExpireTime)
    [Anonymous Symbol]                       0x08000d20   Section        0  timers.o(.text.prvGetNextExpireTime)
    prvHeapInit                              0x08000d41   Thumb Code   118  heap_4.o(.text.prvHeapInit)
    [Anonymous Symbol]                       0x08000d40   Section        0  heap_4.o(.text.prvHeapInit)
    prvIdleTask                              0x08000db9   Thumb Code    42  tasks.o(.text.prvIdleTask)
    [Anonymous Symbol]                       0x08000db8   Section        0  tasks.o(.text.prvIdleTask)
    prvInitialiseMutex                       0x08000de5   Thumb Code    32  queue.o(.text.prvInitialiseMutex)
    [Anonymous Symbol]                       0x08000de4   Section        0  queue.o(.text.prvInitialiseMutex)
    prvInitialiseNewQueue                    0x08000e05   Thumb Code    32  queue.o(.text.prvInitialiseNewQueue)
    [Anonymous Symbol]                       0x08000e04   Section        0  queue.o(.text.prvInitialiseNewQueue)
    prvInitialiseNewTask                     0x08000e25   Thumb Code   152  tasks.o(.text.prvInitialiseNewTask)
    [Anonymous Symbol]                       0x08000e24   Section        0  tasks.o(.text.prvInitialiseNewTask)
    prvInitialiseTaskLists                   0x08000ebd   Thumb Code   112  tasks.o(.text.prvInitialiseTaskLists)
    [Anonymous Symbol]                       0x08000ebc   Section        0  tasks.o(.text.prvInitialiseTaskLists)
    prvInsertBlockIntoFreeList               0x08000f2d   Thumb Code    90  heap_4.o(.text.prvInsertBlockIntoFreeList)
    [Anonymous Symbol]                       0x08000f2c   Section        0  heap_4.o(.text.prvInsertBlockIntoFreeList)
    prvInsertTimerInActiveList               0x08000f89   Thumb Code    64  timers.o(.text.prvInsertTimerInActiveList)
    [Anonymous Symbol]                       0x08000f88   Section        0  timers.o(.text.prvInsertTimerInActiveList)
    prvIsQueueEmpty                          0x08000fc9   Thumb Code    24  queue.o(.text.prvIsQueueEmpty)
    [Anonymous Symbol]                       0x08000fc8   Section        0  queue.o(.text.prvIsQueueEmpty)
    prvIsQueueFull                           0x08000fe1   Thumb Code    28  queue.o(.text.prvIsQueueFull)
    [Anonymous Symbol]                       0x08000fe0   Section        0  queue.o(.text.prvIsQueueFull)
    prvPortStartFirstTask                    0x08000ffd   Thumb Code    40  port.o(.text.prvPortStartFirstTask)
    [Anonymous Symbol]                       0x08000ffc   Section        0  port.o(.text.prvPortStartFirstTask)
    prvProcessExpiredTimer                   0x08001025   Thumb Code    62  timers.o(.text.prvProcessExpiredTimer)
    [Anonymous Symbol]                       0x08001024   Section        0  timers.o(.text.prvProcessExpiredTimer)
    prvProcessReceivedCommands               0x08001065   Thumb Code   250  timers.o(.text.prvProcessReceivedCommands)
    [Anonymous Symbol]                       0x08001064   Section        0  timers.o(.text.prvProcessReceivedCommands)
    prvProcessTimerOrBlockTask               0x08001161   Thumb Code   128  timers.o(.text.prvProcessTimerOrBlockTask)
    [Anonymous Symbol]                       0x08001160   Section        0  timers.o(.text.prvProcessTimerOrBlockTask)
    prvReloadTimer                           0x080011e1   Thumb Code    58  timers.o(.text.prvReloadTimer)
    [Anonymous Symbol]                       0x080011e0   Section        0  timers.o(.text.prvReloadTimer)
    prvResetNextTaskUnblockTime              0x0800121d   Thumb Code    38  tasks.o(.text.prvResetNextTaskUnblockTime)
    [Anonymous Symbol]                       0x0800121c   Section        0  tasks.o(.text.prvResetNextTaskUnblockTime)
    prvSampleTimeNow                         0x08001245   Thumb Code    42  timers.o(.text.prvSampleTimeNow)
    [Anonymous Symbol]                       0x08001244   Section        0  timers.o(.text.prvSampleTimeNow)
    prvSwitchTimerLists                      0x08001271   Thumb Code    52  timers.o(.text.prvSwitchTimerLists)
    [Anonymous Symbol]                       0x08001270   Section        0  timers.o(.text.prvSwitchTimerLists)
    prvTaskExitError                         0x080012a5   Thumb Code    34  port.o(.text.prvTaskExitError)
    [Anonymous Symbol]                       0x080012a4   Section        0  port.o(.text.prvTaskExitError)
    prvTimerTask                             0x080012c9   Thumb Code    22  timers.o(.text.prvTimerTask)
    [Anonymous Symbol]                       0x080012c8   Section        0  timers.o(.text.prvTimerTask)
    prvUnlockQueue                           0x080012e1   Thumb Code   114  queue.o(.text.prvUnlockQueue)
    [Anonymous Symbol]                       0x080012e0   Section        0  queue.o(.text.prvUnlockQueue)
    [Anonymous Symbol]                       0x08001354   Section        0  heap_4.o(.text.pvPortMalloc)
    [Anonymous Symbol]                       0x08001468   Section        0  tasks.o(.text.pvTaskIncrementMutexHeldCount)
    [Anonymous Symbol]                       0x08001480   Section        0  port.o(.text.pxPortInitialiseStack)
    [Anonymous Symbol]                       0x080014a8   Section        0  list.o(.text.uxListRemove)
    [Anonymous Symbol]                       0x080014cc   Section        0  cmsis_os2.o(.text.vApplicationGetIdleTaskMemory)
    [Anonymous Symbol]                       0x080014e8   Section        0  cmsis_os2.o(.text.vApplicationGetTimerTaskMemory)
    [Anonymous Symbol]                       0x08001504   Section        0  cmsis_os2.o(.text.vApplicationStackOverflowHook)
    [Anonymous Symbol]                       0x08001508   Section        0  list.o(.text.vListInitialise)
    [Anonymous Symbol]                       0x08001520   Section        0  list.o(.text.vListInitialiseItem)
    [Anonymous Symbol]                       0x08001528   Section        0  list.o(.text.vListInsert)
    vPortEnableVFP                           0x08001565   Thumb Code    20  port.o(.text.vPortEnableVFP)
    [Anonymous Symbol]                       0x08001564   Section        0  port.o(.text.vPortEnableVFP)
    [Anonymous Symbol]                       0x08001578   Section        0  port.o(.text.vPortEnterCritical)
    [Anonymous Symbol]                       0x08001598   Section        0  port.o(.text.vPortExitCritical)
    [Anonymous Symbol]                       0x080015b4   Section        0  heap_4.o(.text.vPortFree)
    [Anonymous Symbol]                       0x08001618   Section        0  port.o(.text.vPortSetupTimerInterrupt)
    [Anonymous Symbol]                       0x0800164c   Section        0  queue.o(.text.vQueueDelete)
    [Anonymous Symbol]                       0x0800165c   Section        0  queue.o(.text.vQueueWaitForMessageRestricted)
    [Anonymous Symbol]                       0x080016a0   Section        0  tasks.o(.text.vTaskDelay)
    [Anonymous Symbol]                       0x080016d4   Section        0  tasks.o(.text.vTaskInternalSetTimeOutState)
    [Anonymous Symbol]                       0x080016f0   Section        0  tasks.o(.text.vTaskMissedYield)
    [Anonymous Symbol]                       0x08001700   Section        0  tasks.o(.text.vTaskPlaceOnEventList)
    [Anonymous Symbol]                       0x08001720   Section        0  tasks.o(.text.vTaskPlaceOnEventListRestricted)
    [Anonymous Symbol]                       0x0800177c   Section        0  tasks.o(.text.vTaskPriorityDisinheritAfterTimeout)
    [Anonymous Symbol]                       0x080017fc   Section        0  tasks.o(.text.vTaskStartScheduler)
    [Anonymous Symbol]                       0x08001890   Section        0  tasks.o(.text.vTaskSuspendAll)
    __tagsym$$used.0                         0x080018a0   Number         0  tasks.o(.text.vTaskSwitchContext)
    [Anonymous Symbol]                       0x080018a0   Section        0  tasks.o(.text.vTaskSwitchContext)
    [Anonymous Symbol]                       0x08001944   Section        0  taskled.o(.text.vTask_LED_rosso)
    [Anonymous Symbol]                       0x08001958   Section        0  taskled.o(.text.vTask_LED_verde)
    [Anonymous Symbol]                       0x0800196c   Section        0  taskled.o(.text.vTask_PA0)
    [Anonymous Symbol]                       0x080019a8   Section        0  port.o(.text.xPortStartScheduler)
    [Anonymous Symbol]                       0x080019f4   Section        0  port.o(.text.xPortSysTickHandler)
    [Anonymous Symbol]                       0x08001a24   Section        0  queue.o(.text.xQueueCreateMutex)
    [Anonymous Symbol]                       0x08001a3c   Section        0  queue.o(.text.xQueueCreateMutexStatic)
    [Anonymous Symbol]                       0x08001a60   Section        0  queue.o(.text.xQueueGenericCreate)
    [Anonymous Symbol]                       0x08001ab4   Section        0  queue.o(.text.xQueueGenericCreateStatic)
    [Anonymous Symbol]                       0x08001af0   Section        0  queue.o(.text.xQueueGenericReset)
    [Anonymous Symbol]                       0x08001b70   Section        0  queue.o(.text.xQueueGenericSend)
    [Anonymous Symbol]                       0x08001cac   Section        0  queue.o(.text.xQueueReceive)
    [Anonymous Symbol]                       0x08001de0   Section        0  queue.o(.text.xQueueSemaphoreTake)
    [Anonymous Symbol]                       0x08001f48   Section        0  tasks.o(.text.xTaskCheckForTimeOut)
    [Anonymous Symbol]                       0x08001fa8   Section        0  tasks.o(.text.xTaskCreate)
    [Anonymous Symbol]                       0x08002010   Section        0  tasks.o(.text.xTaskCreateStatic)
    [Anonymous Symbol]                       0x08002050   Section        0  tasks.o(.text.xTaskGetSchedulerState)
    [Anonymous Symbol]                       0x08002078   Section        0  tasks.o(.text.xTaskGetTickCount)
    [Anonymous Symbol]                       0x08002084   Section        0  tasks.o(.text.xTaskIncrementTick)
    [Anonymous Symbol]                       0x08002218   Section        0  tasks.o(.text.xTaskPriorityDisinherit)
    [Anonymous Symbol]                       0x08002288   Section        0  tasks.o(.text.xTaskPriorityInherit)
    [Anonymous Symbol]                       0x08002330   Section        0  tasks.o(.text.xTaskRemoveFromEventList)
    [Anonymous Symbol]                       0x08002408   Section        0  tasks.o(.text.xTaskResumeAll)
    [Anonymous Symbol]                       0x08002564   Section        0  timers.o(.text.xTimerCreateTimerTask)
    $v0                                      0x080025cc   Number         0  fpinit.o(x$fpl$fpinit)
    x$fpl$fpinit                             0x080025cc   Section       26  fpinit.o(x$fpl$fpinit)
    .L.str.1                                 0x08002628   Data          26  main.o(.rodata.str1.1)
    [Anonymous Symbol]                       0x08002628   Section        0  main.o(.rodata.str1.1)
    uxCriticalNesting                        0x2000000c   Data           4  port.o(.data.uxCriticalNesting)
    [Anonymous Symbol]                       0x2000000c   Section        0  port.o(.data.uxCriticalNesting)
    .bss                                     0x20000010   Section       96  libspace.o(.bss)
    clib_mutex_cb                            0x20000070   Data         400  clib_arm.o(.bss.clib_mutex_cb)
    [Anonymous Symbol]                       0x20000070   Section        0  clib_arm.o(.bss.clib_mutex_cb)
    clib_mutex_id                            0x20000200   Data          20  clib_arm.o(.bss.clib_mutex_id)
    [Anonymous Symbol]                       0x20000200   Section        0  clib_arm.o(.bss.clib_mutex_id)
    prvCheckForValidListAndQueue.ucStaticTimerQueueStorage 0x20000214   Data          80  timers.o(.bss.prvCheckForValidListAndQueue.ucStaticTimerQueueStorage)
    [Anonymous Symbol]                       0x20000214   Section        0  timers.o(.bss.prvCheckForValidListAndQueue.ucStaticTimerQueueStorage)
    prvCheckForValidListAndQueue.xStaticTimerQueue 0x20000264   Data          80  timers.o(.bss.prvCheckForValidListAndQueue.xStaticTimerQueue)
    [Anonymous Symbol]                       0x20000264   Section        0  timers.o(.bss.prvCheckForValidListAndQueue.xStaticTimerQueue)
    prvSampleTimeNow.xLastTime               0x200002b4   Data           4  timers.o(.bss.prvSampleTimeNow.xLastTime)
    [Anonymous Symbol]                       0x200002b4   Section        0  timers.o(.bss.prvSampleTimeNow.xLastTime)
    pxCurrentTimerList                       0x200002bc   Data           4  timers.o(.bss.pxCurrentTimerList)
    [Anonymous Symbol]                       0x200002bc   Section        0  timers.o(.bss.pxCurrentTimerList)
    pxDelayedTaskList                        0x200002c0   Data           4  tasks.o(.bss.pxDelayedTaskList)
    [Anonymous Symbol]                       0x200002c0   Section        0  tasks.o(.bss.pxDelayedTaskList)
    pxEnd                                    0x200002c4   Data           4  heap_4.o(.bss.pxEnd)
    [Anonymous Symbol]                       0x200002c4   Section        0  heap_4.o(.bss.pxEnd)
    pxOverflowDelayedTaskList                0x200002c8   Data           4  tasks.o(.bss.pxOverflowDelayedTaskList)
    [Anonymous Symbol]                       0x200002c8   Section        0  tasks.o(.bss.pxOverflowDelayedTaskList)
    pxOverflowTimerList                      0x200002cc   Data           4  timers.o(.bss.pxOverflowTimerList)
    [Anonymous Symbol]                       0x200002cc   Section        0  timers.o(.bss.pxOverflowTimerList)
    pxReadyTasksLists                        0x200002d0   Data        1120  tasks.o(.bss.pxReadyTasksLists)
    [Anonymous Symbol]                       0x200002d0   Section        0  tasks.o(.bss.pxReadyTasksLists)
    ucHeap                                   0x20000730   Data        8192  heap_4.o(.bss.ucHeap)
    [Anonymous Symbol]                       0x20000730   Section        0  heap_4.o(.bss.ucHeap)
    uxCurrentNumberOfTasks                   0x20002730   Data           4  tasks.o(.bss.uxCurrentNumberOfTasks)
    [Anonymous Symbol]                       0x20002730   Section        0  tasks.o(.bss.uxCurrentNumberOfTasks)
    uxDeletedTasksWaitingCleanUp             0x20002734   Data           4  tasks.o(.bss.uxDeletedTasksWaitingCleanUp)
    [Anonymous Symbol]                       0x20002734   Section        0  tasks.o(.bss.uxDeletedTasksWaitingCleanUp)
    uxSchedulerSuspended                     0x20002738   Data           4  tasks.o(.bss.uxSchedulerSuspended)
    [Anonymous Symbol]                       0x20002738   Section        0  tasks.o(.bss.uxSchedulerSuspended)
    uxTaskNumber                             0x2000273c   Data           4  tasks.o(.bss.uxTaskNumber)
    [Anonymous Symbol]                       0x2000273c   Section        0  tasks.o(.bss.uxTaskNumber)
    uxTopReadyPriority                       0x20002740   Data           4  tasks.o(.bss.uxTopReadyPriority)
    [Anonymous Symbol]                       0x20002740   Section        0  tasks.o(.bss.uxTopReadyPriority)
    vApplicationGetIdleTaskMemory.Idle_Stack 0x20002744   Data         512  cmsis_os2.o(.bss.vApplicationGetIdleTaskMemory.Idle_Stack)
    [Anonymous Symbol]                       0x20002744   Section        0  cmsis_os2.o(.bss.vApplicationGetIdleTaskMemory.Idle_Stack)
    vApplicationGetIdleTaskMemory.Idle_TCB   0x20002944   Data          92  cmsis_os2.o(.bss.vApplicationGetIdleTaskMemory.Idle_TCB)
    [Anonymous Symbol]                       0x20002944   Section        0  cmsis_os2.o(.bss.vApplicationGetIdleTaskMemory.Idle_TCB)
    vApplicationGetTimerTaskMemory.Timer_Stack 0x200029a0   Data         320  cmsis_os2.o(.bss.vApplicationGetTimerTaskMemory.Timer_Stack)
    [Anonymous Symbol]                       0x200029a0   Section        0  cmsis_os2.o(.bss.vApplicationGetTimerTaskMemory.Timer_Stack)
    vApplicationGetTimerTaskMemory.Timer_TCB 0x20002ae0   Data          92  cmsis_os2.o(.bss.vApplicationGetTimerTaskMemory.Timer_TCB)
    [Anonymous Symbol]                       0x20002ae0   Section        0  cmsis_os2.o(.bss.vApplicationGetTimerTaskMemory.Timer_TCB)
    vTask_PA0.inizio                         0x20002b3c   Data           1  taskled.o(.bss.vTask_PA0.inizio)
    [Anonymous Symbol]                       0x20002b3c   Section        0  taskled.o(.bss.vTask_PA0.inizio)
    xActiveTimerList1                        0x20002b40   Data          20  timers.o(.bss.xActiveTimerList1)
    [Anonymous Symbol]                       0x20002b40   Section        0  timers.o(.bss.xActiveTimerList1)
    xActiveTimerList2                        0x20002b54   Data          20  timers.o(.bss.xActiveTimerList2)
    [Anonymous Symbol]                       0x20002b54   Section        0  timers.o(.bss.xActiveTimerList2)
    xBlockAllocatedBit                       0x20002b68   Data           1  heap_4.o(.bss.xBlockAllocatedBit)
    [Anonymous Symbol]                       0x20002b68   Section        0  heap_4.o(.bss.xBlockAllocatedBit)
    xDelayedTaskList1                        0x20002b6c   Data          20  tasks.o(.bss.xDelayedTaskList1)
    [Anonymous Symbol]                       0x20002b6c   Section        0  tasks.o(.bss.xDelayedTaskList1)
    xDelayedTaskList2                        0x20002b80   Data          20  tasks.o(.bss.xDelayedTaskList2)
    [Anonymous Symbol]                       0x20002b80   Section        0  tasks.o(.bss.xDelayedTaskList2)
    xFreeBytesRemaining                      0x20002b94   Data           4  heap_4.o(.bss.xFreeBytesRemaining)
    [Anonymous Symbol]                       0x20002b94   Section        0  heap_4.o(.bss.xFreeBytesRemaining)
    xIdleTaskHandle                          0x20002b98   Data           4  tasks.o(.bss.xIdleTaskHandle)
    [Anonymous Symbol]                       0x20002b98   Section        0  tasks.o(.bss.xIdleTaskHandle)
    xMinimumEverFreeBytesRemaining           0x20002b9c   Data           4  heap_4.o(.bss.xMinimumEverFreeBytesRemaining)
    [Anonymous Symbol]                       0x20002b9c   Section        0  heap_4.o(.bss.xMinimumEverFreeBytesRemaining)
    xNextTaskUnblockTime                     0x20002ba0   Data           4  tasks.o(.bss.xNextTaskUnblockTime)
    [Anonymous Symbol]                       0x20002ba0   Section        0  tasks.o(.bss.xNextTaskUnblockTime)
    xNumOfOverflows                          0x20002ba4   Data           4  tasks.o(.bss.xNumOfOverflows)
    [Anonymous Symbol]                       0x20002ba4   Section        0  tasks.o(.bss.xNumOfOverflows)
    xNumberOfSuccessfulAllocations           0x20002ba8   Data           4  heap_4.o(.bss.xNumberOfSuccessfulAllocations)
    [Anonymous Symbol]                       0x20002ba8   Section        0  heap_4.o(.bss.xNumberOfSuccessfulAllocations)
    xNumberOfSuccessfulFrees                 0x20002bac   Data           4  heap_4.o(.bss.xNumberOfSuccessfulFrees)
    [Anonymous Symbol]                       0x20002bac   Section        0  heap_4.o(.bss.xNumberOfSuccessfulFrees)
    xPendedTicks                             0x20002bb0   Data           4  tasks.o(.bss.xPendedTicks)
    [Anonymous Symbol]                       0x20002bb0   Section        0  tasks.o(.bss.xPendedTicks)
    xPendingReadyList                        0x20002bb4   Data          20  tasks.o(.bss.xPendingReadyList)
    [Anonymous Symbol]                       0x20002bb4   Section        0  tasks.o(.bss.xPendingReadyList)
    xSchedulerRunning                        0x20002bc8   Data           4  tasks.o(.bss.xSchedulerRunning)
    [Anonymous Symbol]                       0x20002bc8   Section        0  tasks.o(.bss.xSchedulerRunning)
    xStart                                   0x20002bcc   Data           8  heap_4.o(.bss.xStart)
    [Anonymous Symbol]                       0x20002bcc   Section        0  heap_4.o(.bss.xStart)
    xSuspendedTaskList                       0x20002bd4   Data          20  tasks.o(.bss.xSuspendedTaskList)
    [Anonymous Symbol]                       0x20002bd4   Section        0  tasks.o(.bss.xSuspendedTaskList)
    xTasksWaitingTermination                 0x20002be8   Data          20  tasks.o(.bss.xTasksWaitingTermination)
    [Anonymous Symbol]                       0x20002be8   Section        0  tasks.o(.bss.xTasksWaitingTermination)
    xTickCount                               0x20002bfc   Data           4  tasks.o(.bss.xTickCount)
    [Anonymous Symbol]                       0x20002bfc   Section        0  tasks.o(.bss.xTickCount)
    xTimerQueue                              0x20002c00   Data           4  timers.o(.bss.xTimerQueue)
    [Anonymous Symbol]                       0x20002c00   Section        0  timers.o(.bss.xTimerQueue)
    xTimerTaskHandle                         0x20002c04   Data           4  timers.o(.bss.xTimerTaskHandle)
    [Anonymous Symbol]                       0x20002c04   Section        0  timers.o(.bss.xTimerTaskHandle)
    xYieldPending                            0x20002c08   Data           4  tasks.o(.bss.xYieldPending)
    [Anonymous Symbol]                       0x20002c08   Section        0  tasks.o(.bss.xYieldPending)
    Heap_Mem                                 0x20002c10   Data         512  startup_stm32l476xx.o(HEAP)
    HEAP                                     0x20002c10   Section      512  startup_stm32l476xx.o(HEAP)
    Stack_Mem                                0x20002e10   Data        1024  startup_stm32l476xx.o(STACK)
    STACK                                    0x20002e10   Section     1024  startup_stm32l476xx.o(STACK)
    __initial_sp                             0x20003210   Data           0  startup_stm32l476xx.o(STACK)

    Global Symbols

    Symbol Name                              Value     Ov Type        Size  Object(Section)

    BuildAttributes$$THM_ISAv4$E$P$D$K$B$S$7EM$VFPi3$EXTD16$VFPS$VFMA$PE$A:L22UL41UL21$X:L11$S22US41US21$IEEE1$IW$~IW$USESV6$~STKCKD$USESV7$~SHL$OTIME$ROPI$EBA8$UX$STANDARDLIB$REQ8$PRES8$EABIv2 0x00000000   Number         0  anon$$obj.o ABSOLUTE
    __ARM_exceptions_init                     - Undefined Weak Reference
    __alloca_initialize                       - Undefined Weak Reference
    __arm_preinit_                            - Undefined Weak Reference
    __cpp_initialize__aeabi_                  - Undefined Weak Reference
    __cxa_finalize                            - Undefined Weak Reference
    __rt_locale                               - Undefined Weak Reference
    __sigvec_lookup                           - Undefined Weak Reference
    _atexit_init                              - Undefined Weak Reference
    _call_atexit_fns                          - Undefined Weak Reference
    _clock_init                               - Undefined Weak Reference
    _fp_trap_init                             - Undefined Weak Reference
    _fp_trap_shutdown                         - Undefined Weak Reference
    _get_lc_collate                           - Undefined Weak Reference
    _get_lc_ctype                             - Undefined Weak Reference
    _get_lc_monetary                          - Undefined Weak Reference
    _get_lc_numeric                           - Undefined Weak Reference
    _get_lc_time                              - Undefined Weak Reference
    _getenv_init                              - Undefined Weak Reference
    _handle_redirection                       - Undefined Weak Reference
    _init_alloc                               - Undefined Weak Reference
    _init_user_alloc                          - Undefined Weak Reference
    _initio                                   - Undefined Weak Reference
    _rand_init                                - Undefined Weak Reference
    _signal_finish                            - Undefined Weak Reference
    _signal_init                              - Undefined Weak Reference
    _terminate_alloc                          - Undefined Weak Reference
    _terminate_user_alloc                     - Undefined Weak Reference
    _terminateio                              - Undefined Weak Reference
    __Vectors_Size                           0x00000188   Number         0  startup_stm32l476xx.o ABSOLUTE
    __Vectors                                0x08000000   Data           4  startup_stm32l476xx.o(RESET)
    __Vectors_End                            0x08000188   Data           0  startup_stm32l476xx.o(RESET)
    __main                                   0x08000189   Thumb Code     8  __main.o(!!!main)
    __scatterload                            0x08000191   Thumb Code     0  __scatter.o(!!!scatter)
    __scatterload_rt2                        0x08000191   Thumb Code    44  __scatter.o(!!!scatter)
    __scatterload_rt2_thumb_only             0x08000191   Thumb Code     0  __scatter.o(!!!scatter)
    __scatterload_null                       0x0800019f   Thumb Code     0  __scatter.o(!!!scatter)
    __scatterload_copy                       0x080001c5   Thumb Code    26  __scatter_copy.o(!!handler_copy)
    __scatterload_zeroinit                   0x080001e1   Thumb Code    28  __scatter_zi.o(!!handler_zi)
    __rt_lib_init                            0x080001fd   Thumb Code     0  libinit.o(.ARM.Collect$$libinit$$00000000)
    __rt_lib_init_fp_1                       0x080001ff   Thumb Code     0  libinit2.o(.ARM.Collect$$libinit$$00000001)
    __rt_lib_init_alloca_1                   0x08000203   Thumb Code     0  libinit2.o(.ARM.Collect$$libinit$$0000002E)
    __rt_lib_init_argv_1                     0x08000203   Thumb Code     0  libinit2.o(.ARM.Collect$$libinit$$0000002C)
    __rt_lib_init_atexit_1                   0x08000203   Thumb Code     0  libinit2.o(.ARM.Collect$$libinit$$0000001B)
    __rt_lib_init_clock_1                    0x08000203   Thumb Code     0  libinit2.o(.ARM.Collect$$libinit$$00000021)
    __rt_lib_init_cpp_1                      0x08000203   Thumb Code     0  libinit2.o(.ARM.Collect$$libinit$$00000032)
    __rt_lib_init_exceptions_1               0x08000203   Thumb Code     0  libinit2.o(.ARM.Collect$$libinit$$00000030)
    __rt_lib_init_fp_trap_1                  0x08000203   Thumb Code     0  libinit2.o(.ARM.Collect$$libinit$$0000001F)
    __rt_lib_init_getenv_1                   0x08000203   Thumb Code     0  libinit2.o(.ARM.Collect$$libinit$$00000023)
    __rt_lib_init_heap_1                     0x08000203   Thumb Code     0  libinit2.o(.ARM.Collect$$libinit$$0000000A)
    __rt_lib_init_lc_collate_1               0x08000203   Thumb Code     0  libinit2.o(.ARM.Collect$$libinit$$00000011)
    __rt_lib_init_lc_ctype_1                 0x08000203   Thumb Code     0  libinit2.o(.ARM.Collect$$libinit$$00000013)
    __rt_lib_init_lc_monetary_1              0x08000203   Thumb Code     0  libinit2.o(.ARM.Collect$$libinit$$00000015)
    __rt_lib_init_lc_numeric_1               0x08000203   Thumb Code     0  libinit2.o(.ARM.Collect$$libinit$$00000017)
    __rt_lib_init_lc_time_1                  0x08000203   Thumb Code     0  libinit2.o(.ARM.Collect$$libinit$$00000019)
    __rt_lib_init_preinit_1                  0x08000203   Thumb Code     0  libinit2.o(.ARM.Collect$$libinit$$00000004)
    __rt_lib_init_rand_1                     0x08000203   Thumb Code     0  libinit2.o(.ARM.Collect$$libinit$$0000000E)
    __rt_lib_init_return                     0x08000203   Thumb Code     0  libinit2.o(.ARM.Collect$$libinit$$00000033)
    __rt_lib_init_signal_1                   0x08000203   Thumb Code     0  libinit2.o(.ARM.Collect$$libinit$$0000001D)
    __rt_lib_init_stdio_1                    0x08000203   Thumb Code     0  libinit2.o(.ARM.Collect$$libinit$$00000025)
    __rt_lib_init_user_alloc_1               0x08000203   Thumb Code     0  libinit2.o(.ARM.Collect$$libinit$$0000000C)
    __rt_lib_shutdown                        0x08000205   Thumb Code     0  libshutdown.o(.ARM.Collect$$libshutdown$$00000000)
    __rt_lib_shutdown_cpp_1                  0x08000207   Thumb Code     0  libshutdown2.o(.ARM.Collect$$libshutdown$$00000002)
    __rt_lib_shutdown_fp_trap_1              0x08000207   Thumb Code     0  libshutdown2.o(.ARM.Collect$$libshutdown$$00000007)
    __rt_lib_shutdown_heap_1                 0x08000207   Thumb Code     0  libshutdown2.o(.ARM.Collect$$libshutdown$$0000000F)
    __rt_lib_shutdown_return                 0x08000207   Thumb Code     0  libshutdown2.o(.ARM.Collect$$libshutdown$$00000010)
    __rt_lib_shutdown_signal_1               0x08000207   Thumb Code     0  libshutdown2.o(.ARM.Collect$$libshutdown$$0000000A)
    __rt_lib_shutdown_stdio_1                0x08000207   Thumb Code     0  libshutdown2.o(.ARM.Collect$$libshutdown$$00000004)
    __rt_lib_shutdown_user_alloc_1           0x08000207   Thumb Code     0  libshutdown2.o(.ARM.Collect$$libshutdown$$0000000C)
    __rt_entry                               0x08000209   Thumb Code     0  __rtentry.o(.ARM.Collect$$rtentry$$00000000)
    __rt_entry_presh_1                       0x08000209   Thumb Code     0  __rtentry2.o(.ARM.Collect$$rtentry$$00000002)
    __rt_entry_sh                            0x08000209   Thumb Code     0  __rtentry4.o(.ARM.Collect$$rtentry$$00000004)
    __rt_entry_postsh_1                      0x0800020f   Thumb Code     0  __rtentry2.o(.ARM.Collect$$rtentry$$00000008)
    __rt_entry_li                            0x08000217   Thumb Code     0  __rtentry2.o(.ARM.Collect$$rtentry$$0000000A)
    __rt_entry_main                          0x0800021b   Thumb Code     0  __rtentry2.o(.ARM.Collect$$rtentry$$0000000D)
    __rt_entry_postli_1                      0x0800021b   Thumb Code     0  __rtentry2.o(.ARM.Collect$$rtentry$$0000000C)
    __rt_exit                                0x08000223   Thumb Code     0  rtexit.o(.ARM.Collect$$rtexit$$00000000)
    __rt_exit_ls                             0x08000225   Thumb Code     0  rtexit2.o(.ARM.Collect$$rtexit$$00000003)
    __rt_exit_prels_1                        0x08000225   Thumb Code     0  rtexit2.o(.ARM.Collect$$rtexit$$00000002)
    __rt_exit_exit                           0x08000229   Thumb Code     0  rtexit2.o(.ARM.Collect$$rtexit$$00000004)
    Reset_Handler                            0x08000231   Thumb Code     8  startup_stm32l476xx.o(.text)
    NMI_Handler                              0x08000239   Thumb Code     2  startup_stm32l476xx.o(.text)
    HardFault_Handler                        0x0800023b   Thumb Code     2  startup_stm32l476xx.o(.text)
    MemManage_Handler                        0x0800023d   Thumb Code     2  startup_stm32l476xx.o(.text)
    BusFault_Handler                         0x0800023f   Thumb Code     2  startup_stm32l476xx.o(.text)
    UsageFault_Handler                       0x08000241   Thumb Code     2  startup_stm32l476xx.o(.text)
    DebugMon_Handler                         0x08000245   Thumb Code     2  startup_stm32l476xx.o(.text)
    ADC1_2_IRQHandler                        0x0800024b   Thumb Code     0  startup_stm32l476xx.o(.text)
    ADC3_IRQHandler                          0x0800024b   Thumb Code     0  startup_stm32l476xx.o(.text)
    CAN1_RX0_IRQHandler                      0x0800024b   Thumb Code     0  startup_stm32l476xx.o(.text)
    CAN1_RX1_IRQHandler                      0x0800024b   Thumb Code     0  startup_stm32l476xx.o(.text)
    CAN1_SCE_IRQHandler                      0x0800024b   Thumb Code     0  startup_stm32l476xx.o(.text)
    CAN1_TX_IRQHandler                       0x0800024b   Thumb Code     0  startup_stm32l476xx.o(.text)
    COMP_IRQHandler                          0x0800024b   Thumb Code     0  startup_stm32l476xx.o(.text)
    DFSDM1_FLT0_IRQHandler                   0x0800024b   Thumb Code     0  startup_stm32l476xx.o(.text)
    DFSDM1_FLT1_IRQHandler                   0x0800024b   Thumb Code     0  startup_stm32l476xx.o(.text)
    DFSDM1_FLT2_IRQHandler                   0x0800024b   Thumb Code     0  startup_stm32l476xx.o(.text)
    DFSDM1_FLT3_IRQHandler                   0x0800024b   Thumb Code     0  startup_stm32l476xx.o(.text)
    DMA1_Channel1_IRQHandler                 0x0800024b   Thumb Code     0  startup_stm32l476xx.o(.text)
    DMA1_Channel2_IRQHandler                 0x0800024b   Thumb Code     0  startup_stm32l476xx.o(.text)
    DMA1_Channel3_IRQHandler                 0x0800024b   Thumb Code     0  startup_stm32l476xx.o(.text)
    DMA1_Channel4_IRQHandler                 0x0800024b   Thumb Code     0  startup_stm32l476xx.o(.text)
    DMA1_Channel5_IRQHandler                 0x0800024b   Thumb Code     0  startup_stm32l476xx.o(.text)
    DMA1_Channel6_IRQHandler                 0x0800024b   Thumb Code     0  startup_stm32l476xx.o(.text)
    DMA1_Channel7_IRQHandler                 0x0800024b   Thumb Code     0  startup_stm32l476xx.o(.text)
    DMA2_Channel1_IRQHandler                 0x0800024b   Thumb Code     0  startup_stm32l476xx.o(.text)
    DMA2_Channel2_IRQHandler                 0x0800024b   Thumb Code     0  startup_stm32l476xx.o(.text)
    DMA2_Channel3_IRQHandler                 0x0800024b   Thumb Code     0  startup_stm32l476xx.o(.text)
    DMA2_Channel4_IRQHandler                 0x0800024b   Thumb Code     0  startup_stm32l476xx.o(.text)
    DMA2_Channel5_IRQHandler                 0x0800024b   Thumb Code     0  startup_stm32l476xx.o(.text)
    DMA2_Channel6_IRQHandler                 0x0800024b   Thumb Code     0  startup_stm32l476xx.o(.text)
    DMA2_Channel7_IRQHandler                 0x0800024b   Thumb Code     0  startup_stm32l476xx.o(.text)
    EXTI0_IRQHandler                         0x0800024b   Thumb Code     0  startup_stm32l476xx.o(.text)
    EXTI15_10_IRQHandler                     0x0800024b   Thumb Code     0  startup_stm32l476xx.o(.text)
    EXTI1_IRQHandler                         0x0800024b   Thumb Code     0  startup_stm32l476xx.o(.text)
    EXTI2_IRQHandler                         0x0800024b   Thumb Code     0  startup_stm32l476xx.o(.text)
    EXTI3_IRQHandler                         0x0800024b   Thumb Code     0  startup_stm32l476xx.o(.text)
    EXTI4_IRQHandler                         0x0800024b   Thumb Code     0  startup_stm32l476xx.o(.text)
    EXTI9_5_IRQHandler                       0x0800024b   Thumb Code     0  startup_stm32l476xx.o(.text)
    FLASH_IRQHandler                         0x0800024b   Thumb Code     0  startup_stm32l476xx.o(.text)
    FMC_IRQHandler                           0x0800024b   Thumb Code     0  startup_stm32l476xx.o(.text)
    FPU_IRQHandler                           0x0800024b   Thumb Code     0  startup_stm32l476xx.o(.text)
    I2C1_ER_IRQHandler                       0x0800024b   Thumb Code     0  startup_stm32l476xx.o(.text)
    I2C1_EV_IRQHandler                       0x0800024b   Thumb Code     0  startup_stm32l476xx.o(.text)
    I2C2_ER_IRQHandler                       0x0800024b   Thumb Code     0  startup_stm32l476xx.o(.text)
    I2C2_EV_IRQHandler                       0x0800024b   Thumb Code     0  startup_stm32l476xx.o(.text)
    I2C3_ER_IRQHandler                       0x0800024b   Thumb Code     0  startup_stm32l476xx.o(.text)
    I2C3_EV_IRQHandler                       0x0800024b   Thumb Code     0  startup_stm32l476xx.o(.text)
    LCD_IRQHandler                           0x0800024b   Thumb Code     0  startup_stm32l476xx.o(.text)
    LPTIM1_IRQHandler                        0x0800024b   Thumb Code     0  startup_stm32l476xx.o(.text)
    LPTIM2_IRQHandler                        0x0800024b   Thumb Code     0  startup_stm32l476xx.o(.text)
    LPUART1_IRQHandler                       0x0800024b   Thumb Code     0  startup_stm32l476xx.o(.text)
    OTG_FS_IRQHandler                        0x0800024b   Thumb Code     0  startup_stm32l476xx.o(.text)
    PVD_PVM_IRQHandler                       0x0800024b   Thumb Code     0  startup_stm32l476xx.o(.text)
    QUADSPI_IRQHandler                       0x0800024b   Thumb Code     0  startup_stm32l476xx.o(.text)
    RCC_IRQHandler                           0x0800024b   Thumb Code     0  startup_stm32l476xx.o(.text)
    RNG_IRQHandler                           0x0800024b   Thumb Code     0  startup_stm32l476xx.o(.text)
    RTC_Alarm_IRQHandler                     0x0800024b   Thumb Code     0  startup_stm32l476xx.o(.text)
    RTC_WKUP_IRQHandler                      0x0800024b   Thumb Code     0  startup_stm32l476xx.o(.text)
    SAI1_IRQHandler                          0x0800024b   Thumb Code     0  startup_stm32l476xx.o(.text)
    SAI2_IRQHandler                          0x0800024b   Thumb Code     0  startup_stm32l476xx.o(.text)
    SDMMC1_IRQHandler                        0x0800024b   Thumb Code     0  startup_stm32l476xx.o(.text)
    SPI1_IRQHandler                          0x0800024b   Thumb Code     0  startup_stm32l476xx.o(.text)
    SPI2_IRQHandler                          0x0800024b   Thumb Code     0  startup_stm32l476xx.o(.text)
    SPI3_IRQHandler                          0x0800024b   Thumb Code     0  startup_stm32l476xx.o(.text)
    SWPMI1_IRQHandler                        0x0800024b   Thumb Code     0  startup_stm32l476xx.o(.text)
    TAMP_STAMP_IRQHandler                    0x0800024b   Thumb Code     0  startup_stm32l476xx.o(.text)
    TIM1_BRK_TIM15_IRQHandler                0x0800024b   Thumb Code     0  startup_stm32l476xx.o(.text)
    TIM1_CC_IRQHandler                       0x0800024b   Thumb Code     0  startup_stm32l476xx.o(.text)
    TIM1_TRG_COM_TIM17_IRQHandler            0x0800024b   Thumb Code     0  startup_stm32l476xx.o(.text)
    TIM1_UP_TIM16_IRQHandler                 0x0800024b   Thumb Code     0  startup_stm32l476xx.o(.text)
    TIM2_IRQHandler                          0x0800024b   Thumb Code     0  startup_stm32l476xx.o(.text)
    TIM3_IRQHandler                          0x0800024b   Thumb Code     0  startup_stm32l476xx.o(.text)
    TIM4_IRQHandler                          0x0800024b   Thumb Code     0  startup_stm32l476xx.o(.text)
    TIM5_IRQHandler                          0x0800024b   Thumb Code     0  startup_stm32l476xx.o(.text)
    TIM6_DAC_IRQHandler                      0x0800024b   Thumb Code     0  startup_stm32l476xx.o(.text)
    TIM7_IRQHandler                          0x0800024b   Thumb Code     0  startup_stm32l476xx.o(.text)
    TIM8_BRK_IRQHandler                      0x0800024b   Thumb Code     0  startup_stm32l476xx.o(.text)
    TIM8_CC_IRQHandler                       0x0800024b   Thumb Code     0  startup_stm32l476xx.o(.text)
    TIM8_TRG_COM_IRQHandler                  0x0800024b   Thumb Code     0  startup_stm32l476xx.o(.text)
    TIM8_UP_IRQHandler                       0x0800024b   Thumb Code     0  startup_stm32l476xx.o(.text)
    TSC_IRQHandler                           0x0800024b   Thumb Code     0  startup_stm32l476xx.o(.text)
    UART4_IRQHandler                         0x0800024b   Thumb Code     0  startup_stm32l476xx.o(.text)
    UART5_IRQHandler                         0x0800024b   Thumb Code     0  startup_stm32l476xx.o(.text)
    USART1_IRQHandler                        0x0800024b   Thumb Code     0  startup_stm32l476xx.o(.text)
    USART2_IRQHandler                        0x0800024b   Thumb Code     0  startup_stm32l476xx.o(.text)
    USART3_IRQHandler                        0x0800024b   Thumb Code     0  startup_stm32l476xx.o(.text)
    WWDG_IRQHandler                          0x0800024b   Thumb Code     0  startup_stm32l476xx.o(.text)
    __user_initial_stackheap                 0x0800024d   Thumb Code     0  startup_stm32l476xx.o(.text)
    __aeabi_memcpy                           0x08000271   Thumb Code     0  rt_memcpy_v6.o(.text)
    __rt_memcpy                              0x08000271   Thumb Code   138  rt_memcpy_v6.o(.text)
    _memcpy_lastbytes                        0x080002d7   Thumb Code     0  rt_memcpy_v6.o(.text)
    __aeabi_memset4                          0x080002fb   Thumb Code    16  aeabi_memset4.o(.text)
    __aeabi_memset8                          0x080002fb   Thumb Code     0  aeabi_memset4.o(.text)
    __use_two_region_memory                  0x0800030b   Thumb Code     2  heapauxi.o(.text)
    __rt_heap_escrow$2region                 0x0800030d   Thumb Code     2  heapauxi.o(.text)
    __rt_heap_expand$2region                 0x0800030f   Thumb Code     2  heapauxi.o(.text)
    __aeabi_memcpy4                          0x08000311   Thumb Code     0  rt_memcpy_w.o(.text)
    __aeabi_memcpy8                          0x08000311   Thumb Code     0  rt_memcpy_w.o(.text)
    __rt_memcpy_w                            0x08000311   Thumb Code   100  rt_memcpy_w.o(.text)
    _memcpy_lastbytes_aligned                0x08000359   Thumb Code     0  rt_memcpy_w.o(.text)
    __aeabi_memclr4                          0x08000375   Thumb Code     0  rt_memclr_w.o(.text)
    __aeabi_memclr8                          0x08000375   Thumb Code     0  rt_memclr_w.o(.text)
    __rt_memclr_w                            0x08000375   Thumb Code     0  rt_memclr_w.o(.text)
    _memset_w                                0x08000379   Thumb Code    74  rt_memclr_w.o(.text)
    __user_setup_stackheap                   0x080003c3   Thumb Code    74  sys_stackheap_outer.o(.text)
    exit                                     0x0800040d   Thumb Code    18  exit.o(.text)
    __user_libspace                          0x08000421   Thumb Code     8  libspace.o(.text)
    __user_perproc_libspace                  0x08000421   Thumb Code     0  libspace.o(.text)
    _sys_exit                                0x08000429   Thumb Code     8  sys_exit.o(.text)
    __I$use$semihosting                      0x08000435   Thumb Code     0  use_no_semi.o(.text)
    __use_no_semihosting_swi                 0x08000435   Thumb Code     2  use_no_semi.o(.text)
    __semihosting_library_function           0x08000437   Thumb Code     0  indicate_semi.o(.text)
    LedGreenInit                             0x08000439   Thumb Code    42  led.o(.text.LedGreenInit)
    LedGreenToggle                           0x08000465   Thumb Code    18  led.o(.text.LedGreenToggle)
    LedInit                                  0x08000479   Thumb Code    12  led.o(.text.LedInit)
    LedRedInit                               0x08000485   Thumb Code    42  led.o(.text.LedRedInit)
    LedRedToggle                             0x080004b1   Thumb Code    18  led.o(.text.LedRedToggle)
    PendSV_Handler                           0x080004d1   Thumb Code   100  port.o(.text.PendSV_Handler)
    PulsInit                                 0x0800054d   Thumb Code    24  puls.o(.text.PulsInit)
    SVC_Handler                              0x08000571   Thumb Code    36  port.o(.text.SVC_Handler)
    SwCxInit                                 0x080005a1   Thumb Code    52  puls.o(.text.SwCxInit)
    SwCxPress                                0x080005d5   Thumb Code    14  puls.o(.text.SwCxPress)
    SwDwInit                                 0x080005e5   Thumb Code    52  puls.o(.text.SwDwInit)
    SwRxInit                                 0x08000619   Thumb Code    52  puls.o(.text.SwRxInit)
    SwSxInit                                 0x0800064d   Thumb Code    52  puls.o(.text.SwSxInit)
    SwUpInit                                 0x08000681   Thumb Code    52  puls.o(.text.SwUpInit)
    SysTick_Handler                          0x080006b5   Thumb Code    26  cmsis_os2.o(.text.SysTick_Handler)
    SystemCoreClockUpdate                    0x080006d1   Thumb Code   190  system_stm32l4xx.o(.text.SystemCoreClockUpdate)
    SystemInit                               0x08000791   Thumb Code    68  system_stm32l4xx.o(.text.SystemInit)
    _mutex_acquire                           0x080007d5   Thumb Code    26  clib_arm.o(.text._mutex_acquire)
    _mutex_free                              0x080007f1   Thumb Code    48  clib_arm.o(.text._mutex_free)
    _mutex_initialize                        0x08000821   Thumb Code    82  clib_arm.o(.text._mutex_initialize)
    _mutex_release                           0x08000875   Thumb Code    28  clib_arm.o(.text._mutex_release)
    _platform_post_stackheap_init            0x08000891   Thumb Code     2  clib_arm.o(.text._platform_post_stackheap_init)
    main                                     0x08000895   Thumb Code   112  main.o(.text.main)
    pllInit                                  0x08000931   Thumb Code   242  sysclock.o(.text.pllInit)
    pvPortMalloc                             0x08001355   Thumb Code   276  heap_4.o(.text.pvPortMalloc)
    pvTaskIncrementMutexHeldCount            0x08001469   Thumb Code    24  tasks.o(.text.pvTaskIncrementMutexHeldCount)
    pxPortInitialiseStack                    0x08001481   Thumb Code    40  port.o(.text.pxPortInitialiseStack)
    uxListRemove                             0x080014a9   Thumb Code    36  list.o(.text.uxListRemove)
    vApplicationGetIdleTaskMemory            0x080014cd   Thumb Code    26  cmsis_os2.o(.text.vApplicationGetIdleTaskMemory)
    vApplicationGetTimerTaskMemory           0x080014e9   Thumb Code    26  cmsis_os2.o(.text.vApplicationGetTimerTaskMemory)
    vApplicationStackOverflowHook            0x08001505   Thumb Code     2  cmsis_os2.o(.text.vApplicationStackOverflowHook)
    vListInitialise                          0x08001509   Thumb Code    22  list.o(.text.vListInitialise)
    vListInitialiseItem                      0x08001521   Thumb Code     6  list.o(.text.vListInitialiseItem)
    vListInsert                              0x08001529   Thumb Code    58  list.o(.text.vListInsert)
    vPortEnterCritical                       0x08001579   Thumb Code    32  port.o(.text.vPortEnterCritical)
    vPortExitCritical                        0x08001599   Thumb Code    26  port.o(.text.vPortExitCritical)
    vPortFree                                0x080015b5   Thumb Code   100  heap_4.o(.text.vPortFree)
    vPortSetupTimerInterrupt                 0x08001619   Thumb Code    52  port.o(.text.vPortSetupTimerInterrupt)
    vQueueDelete                             0x0800164d   Thumb Code    16  queue.o(.text.vQueueDelete)
    vQueueWaitForMessageRestricted           0x0800165d   Thumb Code    68  queue.o(.text.vQueueWaitForMessageRestricted)
    vTaskDelay                               0x080016a1   Thumb Code    52  tasks.o(.text.vTaskDelay)
    vTaskInternalSetTimeOutState             0x080016d5   Thumb Code    26  tasks.o(.text.vTaskInternalSetTimeOutState)
    vTaskMissedYield                         0x080016f1   Thumb Code    14  tasks.o(.text.vTaskMissedYield)
    vTaskPlaceOnEventList                    0x08001701   Thumb Code    30  tasks.o(.text.vTaskPlaceOnEventList)
    vTaskPlaceOnEventListRestricted          0x08001721   Thumb Code    90  tasks.o(.text.vTaskPlaceOnEventListRestricted)
    vTaskPriorityDisinheritAfterTimeout      0x0800177d   Thumb Code   128  tasks.o(.text.vTaskPriorityDisinheritAfterTimeout)
    vTaskStartScheduler                      0x080017fd   Thumb Code   140  tasks.o(.text.vTaskStartScheduler)
    vTaskSuspendAll                          0x08001891   Thumb Code    16  tasks.o(.text.vTaskSuspendAll)
    vTaskSwitchContext                       0x080018a1   Thumb Code   164  tasks.o(.text.vTaskSwitchContext)
    vTask_LED_rosso                          0x08001945   Thumb Code    20  taskled.o(.text.vTask_LED_rosso)
    vTask_LED_verde                          0x08001959   Thumb Code    20  taskled.o(.text.vTask_LED_verde)
    vTask_PA0                                0x0800196d   Thumb Code    58  taskled.o(.text.vTask_PA0)
    xPortStartScheduler                      0x080019a9   Thumb Code    74  port.o(.text.xPortStartScheduler)
    xPortSysTickHandler                      0x080019f5   Thumb Code    46  port.o(.text.xPortSysTickHandler)
    xQueueCreateMutex                        0x08001a25   Thumb Code    22  queue.o(.text.xQueueCreateMutex)
    xQueueCreateMutexStatic                  0x08001a3d   Thumb Code    34  queue.o(.text.xQueueCreateMutexStatic)
    xQueueGenericCreate                      0x08001a61   Thumb Code    82  queue.o(.text.xQueueGenericCreate)
    xQueueGenericCreateStatic                0x08001ab5   Thumb Code    58  queue.o(.text.xQueueGenericCreateStatic)
    xQueueGenericReset                       0x08001af1   Thumb Code   128  queue.o(.text.xQueueGenericReset)
    xQueueGenericSend                        0x08001b71   Thumb Code   310  queue.o(.text.xQueueGenericSend)
    xQueueReceive                            0x08001cad   Thumb Code   300  queue.o(.text.xQueueReceive)
    xQueueSemaphoreTake                      0x08001de1   Thumb Code   354  queue.o(.text.xQueueSemaphoreTake)
    xTaskCheckForTimeOut                     0x08001f49   Thumb Code    96  tasks.o(.text.xTaskCheckForTimeOut)
    xTaskCreate                              0x08001fa9   Thumb Code   102  tasks.o(.text.xTaskCreate)
    xTaskCreateStatic                        0x08002011   Thumb Code    62  tasks.o(.text.xTaskCreateStatic)
    xTaskGetSchedulerState                   0x08002051   Thumb Code    38  tasks.o(.text.xTaskGetSchedulerState)
    xTaskGetTickCount                        0x08002079   Thumb Code    12  tasks.o(.text.xTaskGetTickCount)
    xTaskIncrementTick                       0x08002085   Thumb Code   398  tasks.o(.text.xTaskIncrementTick)
    xTaskPriorityDisinherit                  0x08002219   Thumb Code   112  tasks.o(.text.xTaskPriorityDisinherit)
    xTaskPriorityInherit                     0x08002289   Thumb Code   166  tasks.o(.text.xTaskPriorityInherit)
    xTaskRemoveFromEventList                 0x08002331   Thumb Code   216  tasks.o(.text.xTaskRemoveFromEventList)
    xTaskResumeAll                           0x08002409   Thumb Code   340  tasks.o(.text.xTaskResumeAll)
    xTimerCreateTimerTask                    0x08002565   Thumb Code    96  timers.o(.text.xTimerCreateTimerTask)
    _fp_init                                 0x080025cd   Thumb Code    26  fpinit.o(x$fpl$fpinit)
    __fplib_config_fpu_vfp                   0x080025e5   Thumb Code     0  fpinit.o(x$fpl$fpinit)
    __fplib_config_pureend_doubles           0x080025e5   Thumb Code     0  fpinit.o(x$fpl$fpinit)
    AHBPrescTable                            0x080025e6   Data          16  system_stm32l4xx.o(.rodata.AHBPrescTable)
    MSIRangeTable                            0x080025f8   Data          48  system_stm32l4xx.o(.rodata.MSIRangeTable)
    uxTopUsedPriority                        0x08002644   Data           4  tasks.o(.rodata.uxTopUsedPriority)
    Region$$Table$$Base                      0x08002648   Number         0  anon$$obj.o(Region$$Table)
    Region$$Table$$Limit                     0x08002668   Number         0  anon$$obj.o(Region$$Table)
    GDms                                     0x20000000   Data           4  taskled.o(.data.GDms)
    RDms                                     0x20000004   Data           4  taskled.o(.data.RDms)
    SystemCoreClock                          0x20000008   Data           4  system_stm32l4xx.o(.data.SystemCoreClock)
    __libspace_start                         0x20000010   Data          96  libspace.o(.bss)
    __temporary_stack_top$libspace           0x20000070   Data           0  libspace.o(.bss)
    pxCurrentTCB                             0x200002b8   Data           4  tasks.o(.bss.pxCurrentTCB)



==============================================================================

Memory Map of the image

  Image Entry point : 0x08000231

  Load Region LR_1 (Base: 0x08000000, Size: 0x00002678, Max: 0xffffffff, ABSOLUTE)

    Execution Region ER_RO (Exec base: 0x08000000, Load base: 0x08000000, Size: 0x00002668, Max: 0xffffffff, ABSOLUTE)

    Exec Addr    Load Addr    Size         Type   Attr      Idx    E Section Name        Object

    0x08000000   0x08000000   0x00000188   Data   RO          355    RESET               startup_stm32l476xx.o
    0x08000188   0x08000188   0x00000008   Code   RO          819  * !!!main             c_w.l(__main.o)
    0x08000190   0x08000190   0x00000034   Code   RO          994    !!!scatter          c_w.l(__scatter.o)
    0x080001c4   0x080001c4   0x0000001a   Code   RO          996    !!handler_copy      c_w.l(__scatter_copy.o)
    0x080001de   0x080001de   0x00000002   PAD
    0x080001e0   0x080001e0   0x0000001c   Code   RO          998    !!handler_zi        c_w.l(__scatter_zi.o)
    0x080001fc   0x080001fc   0x00000002   Code   RO          858    .ARM.Collect$$libinit$$00000000  c_w.l(libinit.o)
    0x080001fe   0x080001fe   0x00000004   Code   RO          870    .ARM.Collect$$libinit$$00000001  c_w.l(libinit2.o)
    0x08000202   0x08000202   0x00000000   Code   RO          873    .ARM.Collect$$libinit$$00000004  c_w.l(libinit2.o)
    0x08000202   0x08000202   0x00000000   Code   RO          876    .ARM.Collect$$libinit$$0000000A  c_w.l(libinit2.o)
    0x08000202   0x08000202   0x00000000   Code   RO          878    .ARM.Collect$$libinit$$0000000C  c_w.l(libinit2.o)
    0x08000202   0x08000202   0x00000000   Code   RO          880    .ARM.Collect$$libinit$$0000000E  c_w.l(libinit2.o)
    0x08000202   0x08000202   0x00000000   Code   RO          883    .ARM.Collect$$libinit$$00000011  c_w.l(libinit2.o)
    0x08000202   0x08000202   0x00000000   Code   RO          885    .ARM.Collect$$libinit$$00000013  c_w.l(libinit2.o)
    0x08000202   0x08000202   0x00000000   Code   RO          887    .ARM.Collect$$libinit$$00000015  c_w.l(libinit2.o)
    0x08000202   0x08000202   0x00000000   Code   RO          889    .ARM.Collect$$libinit$$00000017  c_w.l(libinit2.o)
    0x08000202   0x08000202   0x00000000   Code   RO          891    .ARM.Collect$$libinit$$00000019  c_w.l(libinit2.o)
    0x08000202   0x08000202   0x00000000   Code   RO          893    .ARM.Collect$$libinit$$0000001B  c_w.l(libinit2.o)
    0x08000202   0x08000202   0x00000000   Code   RO          895    .ARM.Collect$$libinit$$0000001D  c_w.l(libinit2.o)
    0x08000202   0x08000202   0x00000000   Code   RO          897    .ARM.Collect$$libinit$$0000001F  c_w.l(libinit2.o)
    0x08000202   0x08000202   0x00000000   Code   RO          899    .ARM.Collect$$libinit$$00000021  c_w.l(libinit2.o)
    0x08000202   0x08000202   0x00000000   Code   RO          901    .ARM.Collect$$libinit$$00000023  c_w.l(libinit2.o)
    0x08000202   0x08000202   0x00000000   Code   RO          903    .ARM.Collect$$libinit$$00000025  c_w.l(libinit2.o)
    0x08000202   0x08000202   0x00000000   Code   RO          907    .ARM.Collect$$libinit$$0000002C  c_w.l(libinit2.o)
    0x08000202   0x08000202   0x00000000   Code   RO          909    .ARM.Collect$$libinit$$0000002E  c_w.l(libinit2.o)
    0x08000202   0x08000202   0x00000000   Code   RO          911    .ARM.Collect$$libinit$$00000030  c_w.l(libinit2.o)
    0x08000202   0x08000202   0x00000000   Code   RO          913    .ARM.Collect$$libinit$$00000032  c_w.l(libinit2.o)
    0x08000202   0x08000202   0x00000002   Code   RO          914    .ARM.Collect$$libinit$$00000033  c_w.l(libinit2.o)
    0x08000204   0x08000204   0x00000002   Code   RO          949    .ARM.Collect$$libshutdown$$00000000  c_w.l(libshutdown.o)
    0x08000206   0x08000206   0x00000000   Code   RO          977    .ARM.Collect$$libshutdown$$00000002  c_w.l(libshutdown2.o)
    0x08000206   0x08000206   0x00000000   Code   RO          979    .ARM.Collect$$libshutdown$$00000004  c_w.l(libshutdown2.o)
    0x08000206   0x08000206   0x00000000   Code   RO          982    .ARM.Collect$$libshutdown$$00000007  c_w.l(libshutdown2.o)
    0x08000206   0x08000206   0x00000000   Code   RO          985    .ARM.Collect$$libshutdown$$0000000A  c_w.l(libshutdown2.o)
    0x08000206   0x08000206   0x00000000   Code   RO          987    .ARM.Collect$$libshutdown$$0000000C  c_w.l(libshutdown2.o)
    0x08000206   0x08000206   0x00000000   Code   RO          990    .ARM.Collect$$libshutdown$$0000000F  c_w.l(libshutdown2.o)
    0x08000206   0x08000206   0x00000002   Code   RO          991    .ARM.Collect$$libshutdown$$00000010  c_w.l(libshutdown2.o)
    0x08000208   0x08000208   0x00000000   Code   RO          821    .ARM.Collect$$rtentry$$00000000  c_w.l(__rtentry.o)
    0x08000208   0x08000208   0x00000000   Code   RO          831    .ARM.Collect$$rtentry$$00000002  c_w.l(__rtentry2.o)
    0x08000208   0x08000208   0x00000006   Code   RO          843    .ARM.Collect$$rtentry$$00000004  c_w.l(__rtentry4.o)
    0x0800020e   0x0800020e   0x00000008   Code   RO          832    .ARM.Collect$$rtentry$$00000008  c_w.l(__rtentry2.o)
    0x08000216   0x08000216   0x00000004   Code   RO          834    .ARM.Collect$$rtentry$$0000000A  c_w.l(__rtentry2.o)
    0x0800021a   0x0800021a   0x00000000   Code   RO          836    .ARM.Collect$$rtentry$$0000000C  c_w.l(__rtentry2.o)
    0x0800021a   0x0800021a   0x00000008   Code   RO          837    .ARM.Collect$$rtentry$$0000000D  c_w.l(__rtentry2.o)
    0x08000222   0x08000222   0x00000002   Code   RO          862    .ARM.Collect$$rtexit$$00000000  c_w.l(rtexit.o)
    0x08000224   0x08000224   0x00000000   Code   RO          920    .ARM.Collect$$rtexit$$00000002  c_w.l(rtexit2.o)
    0x08000224   0x08000224   0x00000004   Code   RO          921    .ARM.Collect$$rtexit$$00000003  c_w.l(rtexit2.o)
    0x08000228   0x08000228   0x00000006   Code   RO          922    .ARM.Collect$$rtexit$$00000004  c_w.l(rtexit2.o)
    0x0800022e   0x0800022e   0x00000002   PAD
    0x08000230   0x08000230   0x00000040   Code   RO          356  * .text               startup_stm32l476xx.o
    0x08000270   0x08000270   0x0000008a   Code   RO          813    .text               c_w.l(rt_memcpy_v6.o)
    0x080002fa   0x080002fa   0x00000010   Code   RO          815    .text               c_w.l(aeabi_memset4.o)
    0x0800030a   0x0800030a   0x00000006   Code   RO          817    .text               c_w.l(heapauxi.o)
    0x08000310   0x08000310   0x00000064   Code   RO          826    .text               c_w.l(rt_memcpy_w.o)
    0x08000374   0x08000374   0x0000004e   Code   RO          828    .text               c_w.l(rt_memclr_w.o)
    0x080003c2   0x080003c2   0x0000004a   Code   RO          847    .text               c_w.l(sys_stackheap_outer.o)
    0x0800040c   0x0800040c   0x00000012   Code   RO          849    .text               c_w.l(exit.o)
    0x0800041e   0x0800041e   0x00000002   PAD
    0x08000420   0x08000420   0x00000008   Code   RO          859    .text               c_w.l(libspace.o)
    0x08000428   0x08000428   0x0000000c   Code   RO          915    .text               c_w.l(sys_exit.o)
    0x08000434   0x08000434   0x00000002   Code   RO          938    .text               c_w.l(use_no_semi.o)
    0x08000436   0x08000436   0x00000000   Code   RO          940    .text               c_w.l(indicate_semi.o)
    0x08000436   0x08000436   0x00000002   PAD
    0x08000438   0x08000438   0x0000002a   Code   RO           16    .text.LedGreenInit  led.o
    0x08000462   0x08000462   0x00000002   PAD
    0x08000464   0x08000464   0x00000012   Code   RO           28    .text.LedGreenToggle  led.o
    0x08000476   0x08000476   0x00000002   PAD
    0x08000478   0x08000478   0x0000000c   Code   RO           12    .text.LedInit       led.o
    0x08000484   0x08000484   0x0000002a   Code   RO           14    .text.LedRedInit    led.o
    0x080004ae   0x080004ae   0x00000002   PAD
    0x080004b0   0x080004b0   0x00000012   Code   RO           22    .text.LedRedToggle  led.o
    0x080004c2   0x080004c2   0x0000000e   PAD
    0x080004d0   0x080004d0   0x0000007a   Code   RO          456    .text.PendSV_Handler  port.o
    0x0800054a   0x0800054a   0x00000002   PAD
    0x0800054c   0x0800054c   0x00000018   Code   RO           48    .text.PulsInit      puls.o
    0x08000564   0x08000564   0x0000000c   PAD
    0x08000570   0x08000570   0x0000002e   Code   RO          440    .text.SVC_Handler   port.o
    0x0800059e   0x0800059e   0x00000002   PAD
    0x080005a0   0x080005a0   0x00000034   Code   RO           50    .text.SwCxInit      puls.o
    0x080005d4   0x080005d4   0x0000000e   Code   RO           60    .text.SwCxPress     puls.o
    0x080005e2   0x080005e2   0x00000002   PAD
    0x080005e4   0x080005e4   0x00000034   Code   RO           58    .text.SwDwInit      puls.o
    0x08000618   0x08000618   0x00000034   Code   RO           54    .text.SwRxInit      puls.o
    0x0800064c   0x0800064c   0x00000034   Code   RO           52    .text.SwSxInit      puls.o
    0x08000680   0x08000680   0x00000034   Code   RO           56    .text.SwUpInit      puls.o
    0x080006b4   0x080006b4   0x0000001a   Code   RO          147    .text.SysTick_Handler  cmsis_os2.o
    0x080006ce   0x080006ce   0x00000002   PAD
    0x080006d0   0x080006d0   0x000000be   Code   RO          365    .text.SystemCoreClockUpdate  system_stm32l4xx.o
    0x0800078e   0x0800078e   0x00000002   PAD
    0x08000790   0x08000790   0x00000044   Code   RO          363    .text.SystemInit    system_stm32l4xx.o
    0x080007d4   0x080007d4   0x0000001a   Code   RO          129    .text._mutex_acquire  clib_arm.o
    0x080007ee   0x080007ee   0x00000002   PAD
    0x080007f0   0x080007f0   0x00000030   Code   RO          133    .text._mutex_free   clib_arm.o
    0x08000820   0x08000820   0x00000052   Code   RO          127    .text._mutex_initialize  clib_arm.o
    0x08000872   0x08000872   0x00000002   PAD
    0x08000874   0x08000874   0x0000001c   Code   RO          131    .text._mutex_release  clib_arm.o
    0x08000890   0x08000890   0x00000002   Code   RO          121    .text._platform_post_stackheap_init  clib_arm.o
    0x08000892   0x08000892   0x00000002   PAD
    0x08000894   0x08000894   0x0000008c   Code   RO            2    .text.main          main.o
    0x08000920   0x08000920   0x00000010   Code   RO          125    .text.os_kernel_is_active  clib_arm.o
    0x08000930   0x08000930   0x000000f2   Code   RO           79    .text.pllInit       sysclock.o
    0x08000a22   0x08000a22   0x00000002   PAD
    0x08000a24   0x08000a24   0x0000009c   Code   RO          601    .text.prvAddCurrentTaskToDelayedList  tasks.o
    0x08000ac0   0x08000ac0   0x000000cc   Code   RO          587    .text.prvAddNewTaskToReadyList  tasks.o
    0x08000b8c   0x08000b8c   0x0000006a   Code   RO          739    .text.prvCheckForValidListAndQueue  timers.o
    0x08000bf6   0x08000bf6   0x00000002   PAD
    0x08000bf8   0x08000bf8   0x0000004e   Code   RO          705    .text.prvCheckTasksWaitingTermination  tasks.o
    0x08000c46   0x08000c46   0x00000002   PAD
    0x08000c48   0x08000c48   0x00000026   Code   RO          543    .text.prvCopyDataFromQueue  queue.o
    0x08000c6e   0x08000c6e   0x00000002   PAD
    0x08000c70   0x08000c70   0x0000007a   Code   RO          531    .text.prvCopyDataToQueue  queue.o
    0x08000cea   0x08000cea   0x00000002   PAD
    0x08000cec   0x08000cec   0x00000020   Code   RO          595    .text.prvDeleteTCB  tasks.o
    0x08000d0c   0x08000d0c   0x00000012   Code   RO          547    .text.prvGetDisinheritPriorityAfterTimeout  queue.o
    0x08000d1e   0x08000d1e   0x00000002   PAD
    0x08000d20   0x08000d20   0x00000020   Code   RO          777    .text.prvGetNextExpireTime  timers.o
    0x08000d40   0x08000d40   0x00000076   Code   RO          471    .text.prvHeapInit   heap_4.o
    0x08000db6   0x08000db6   0x00000002   PAD
    0x08000db8   0x08000db8   0x0000002a   Code   RO          627    .text.prvIdleTask   tasks.o
    0x08000de2   0x08000de2   0x00000002   PAD
    0x08000de4   0x08000de4   0x00000020   Code   RO          511    .text.prvInitialiseMutex  queue.o
    0x08000e04   0x08000e04   0x00000020   Code   RO          505    .text.prvInitialiseNewQueue  queue.o
    0x08000e24   0x08000e24   0x00000098   Code   RO          585    .text.prvInitialiseNewTask  tasks.o
    0x08000ebc   0x08000ebc   0x00000070   Code   RO          703    .text.prvInitialiseTaskLists  tasks.o
    0x08000f2c   0x08000f2c   0x0000005a   Code   RO          473    .text.prvInsertBlockIntoFreeList  heap_4.o
    0x08000f86   0x08000f86   0x00000002   PAD
    0x08000f88   0x08000f88   0x00000040   Code   RO          791    .text.prvInsertTimerInActiveList  timers.o
    0x08000fc8   0x08000fc8   0x00000018   Code   RO          545    .text.prvIsQueueEmpty  queue.o
    0x08000fe0   0x08000fe0   0x0000001c   Code   RO          533    .text.prvIsQueueFull  queue.o
    0x08000ffc   0x08000ffc   0x00000028   Code   RO          448    .text.prvPortStartFirstTask  port.o
    0x08001024   0x08001024   0x0000003e   Code   RO          785    .text.prvProcessExpiredTimer  timers.o
    0x08001062   0x08001062   0x00000002   PAD
    0x08001064   0x08001064   0x000000fa   Code   RO          781    .text.prvProcessReceivedCommands  timers.o
    0x0800115e   0x0800115e   0x00000002   PAD
    0x08001160   0x08001160   0x00000080   Code   RO          779    .text.prvProcessTimerOrBlockTask  timers.o
    0x080011e0   0x080011e0   0x0000003a   Code   RO          789    .text.prvReloadTimer  timers.o
    0x0800121a   0x0800121a   0x00000002   PAD
    0x0800121c   0x0800121c   0x00000026   Code   RO          593    .text.prvResetNextTaskUnblockTime  tasks.o
    0x08001242   0x08001242   0x00000002   PAD
    0x08001244   0x08001244   0x0000002a   Code   RO          783    .text.prvSampleTimeNow  timers.o
    0x0800126e   0x0800126e   0x00000002   PAD
    0x08001270   0x08001270   0x00000034   Code   RO          787    .text.prvSwitchTimerLists  timers.o
    0x080012a4   0x080012a4   0x00000022   Code   RO          438    .text.prvTaskExitError  port.o
    0x080012c6   0x080012c6   0x00000002   PAD
    0x080012c8   0x080012c8   0x00000016   Code   RO          741    .text.prvTimerTask  timers.o
    0x080012de   0x080012de   0x00000002   PAD
    0x080012e0   0x080012e0   0x00000072   Code   RO          535    .text.prvUnlockQueue  queue.o
    0x08001352   0x08001352   0x00000002   PAD
    0x08001354   0x08001354   0x00000114   Code   RO          469    .text.pvPortMalloc  heap_4.o
    0x08001468   0x08001468   0x00000018   Code   RO          687    .text.pvTaskIncrementMutexHeldCount  tasks.o
    0x08001480   0x08001480   0x00000028   Code   RO          436    .text.pxPortInitialiseStack  port.o
    0x080014a8   0x080014a8   0x00000024   Code   RO          426    .text.uxListRemove  list.o
    0x080014cc   0x080014cc   0x0000001a   Code   RO          305    .text.vApplicationGetIdleTaskMemory  cmsis_os2.o
    0x080014e6   0x080014e6   0x00000002   PAD
    0x080014e8   0x080014e8   0x0000001a   Code   RO          307    .text.vApplicationGetTimerTaskMemory  cmsis_os2.o
    0x08001502   0x08001502   0x00000002   PAD
    0x08001504   0x08001504   0x00000002   Code   RO          303    .text.vApplicationStackOverflowHook  cmsis_os2.o
    0x08001506   0x08001506   0x00000002   PAD
    0x08001508   0x08001508   0x00000016   Code   RO          418    .text.vListInitialise  list.o
    0x0800151e   0x0800151e   0x00000002   PAD
    0x08001520   0x08001520   0x00000006   Code   RO          420    .text.vListInitialiseItem  list.o
    0x08001526   0x08001526   0x00000002   PAD
    0x08001528   0x08001528   0x0000003a   Code   RO          424    .text.vListInsert   list.o
    0x08001562   0x08001562   0x00000002   PAD
    0x08001564   0x08001564   0x00000014   Code   RO          446    .text.vPortEnableVFP  port.o
    0x08001578   0x08001578   0x00000020   Code   RO          452    .text.vPortEnterCritical  port.o
    0x08001598   0x08001598   0x0000001a   Code   RO          454    .text.vPortExitCritical  port.o
    0x080015b2   0x080015b2   0x00000002   PAD
    0x080015b4   0x080015b4   0x00000064   Code   RO          475    .text.vPortFree     heap_4.o
    0x08001618   0x08001618   0x00000034   Code   RO          444    .text.vPortSetupTimerInterrupt  port.o
    0x0800164c   0x0800164c   0x00000010   Code   RO          561    .text.vQueueDelete  queue.o
    0x0800165c   0x0800165c   0x00000044   Code   RO          573    .text.vQueueWaitForMessageRestricted  queue.o
    0x080016a0   0x080016a0   0x00000034   Code   RO          605    .text.vTaskDelay    tasks.o
    0x080016d4   0x080016d4   0x0000001a   Code   RO          659    .text.vTaskInternalSetTimeOutState  tasks.o
    0x080016ee   0x080016ee   0x00000002   PAD
    0x080016f0   0x080016f0   0x0000000e   Code   RO          663    .text.vTaskMissedYield  tasks.o
    0x080016fe   0x080016fe   0x00000002   PAD
    0x08001700   0x08001700   0x0000001e   Code   RO          647    .text.vTaskPlaceOnEventList  tasks.o
    0x0800171e   0x0800171e   0x00000002   PAD
    0x08001720   0x08001720   0x0000005a   Code   RO          651    .text.vTaskPlaceOnEventListRestricted  tasks.o
    0x0800177a   0x0800177a   0x00000002   PAD
    0x0800177c   0x0800177c   0x00000080   Code   RO          683    .text.vTaskPriorityDisinheritAfterTimeout  tasks.o
    0x080017fc   0x080017fc   0x00000094   Code   RO          625    .text.vTaskStartScheduler  tasks.o
    0x08001890   0x08001890   0x00000010   Code   RO          599    .text.vTaskSuspendAll  tasks.o
    0x080018a0   0x080018a0   0x000000a4   Code   RO          617    .text.vTaskSwitchContext  tasks.o
    0x08001944   0x08001944   0x00000014   Code   RO          104    .text.vTask_LED_rosso  taskled.o
    0x08001958   0x08001958   0x00000014   Code   RO          106    .text.vTask_LED_verde  taskled.o
    0x0800196c   0x0800196c   0x0000003a   Code   RO          108    .text.vTask_PA0     taskled.o
    0x080019a6   0x080019a6   0x00000002   PAD
    0x080019a8   0x080019a8   0x0000004a   Code   RO          442    .text.xPortStartScheduler  port.o
    0x080019f2   0x080019f2   0x00000002   PAD
    0x080019f4   0x080019f4   0x0000002e   Code   RO          458    .text.xPortSysTickHandler  port.o
    0x08001a22   0x08001a22   0x00000002   PAD
    0x08001a24   0x08001a24   0x00000016   Code   RO          509    .text.xQueueCreateMutex  queue.o
    0x08001a3a   0x08001a3a   0x00000002   PAD
    0x08001a3c   0x08001a3c   0x00000022   Code   RO          513    .text.xQueueCreateMutexStatic  queue.o
    0x08001a5e   0x08001a5e   0x00000002   PAD
    0x08001a60   0x08001a60   0x00000052   Code   RO          507    .text.xQueueGenericCreate  queue.o
    0x08001ab2   0x08001ab2   0x00000002   PAD
    0x08001ab4   0x08001ab4   0x0000003a   Code   RO          503    .text.xQueueGenericCreateStatic  queue.o
    0x08001aee   0x08001aee   0x00000002   PAD
    0x08001af0   0x08001af0   0x00000080   Code   RO          501    .text.xQueueGenericReset  queue.o
    0x08001b70   0x08001b70   0x0000013c   Code   RO          521    .text.xQueueGenericSend  queue.o
    0x08001cac   0x08001cac   0x00000132   Code   RO          541    .text.xQueueReceive  queue.o
    0x08001dde   0x08001dde   0x00000002   PAD
    0x08001de0   0x08001de0   0x00000168   Code   RO          525    .text.xQueueSemaphoreTake  queue.o
    0x08001f48   0x08001f48   0x00000060   Code   RO          661    .text.xTaskCheckForTimeOut  tasks.o
    0x08001fa8   0x08001fa8   0x00000066   Code   RO          589    .text.xTaskCreate   tasks.o
    0x0800200e   0x0800200e   0x00000002   PAD
    0x08002010   0x08002010   0x0000003e   Code   RO          583    .text.xTaskCreateStatic  tasks.o
    0x0800204e   0x0800204e   0x00000002   PAD
    0x08002050   0x08002050   0x00000026   Code   RO          677    .text.xTaskGetSchedulerState  tasks.o
    0x08002076   0x08002076   0x00000002   PAD
    0x08002078   0x08002078   0x0000000c   Code   RO          633    .text.xTaskGetTickCount  tasks.o
    0x08002084   0x08002084   0x00000194   Code   RO          631    .text.xTaskIncrementTick  tasks.o
    0x08002218   0x08002218   0x00000070   Code   RO          681    .text.xTaskPriorityDisinherit  tasks.o
    0x08002288   0x08002288   0x000000a6   Code   RO          679    .text.xTaskPriorityInherit  tasks.o
    0x0800232e   0x0800232e   0x00000002   PAD
    0x08002330   0x08002330   0x000000d8   Code   RO          653    .text.xTaskRemoveFromEventList  tasks.o
    0x08002408   0x08002408   0x0000015a   Code   RO          603    .text.xTaskResumeAll  tasks.o
    0x08002562   0x08002562   0x00000002   PAD
    0x08002564   0x08002564   0x00000068   Code   RO          737    .text.xTimerCreateTimerTask  timers.o
    0x080025cc   0x080025cc   0x0000001a   Code   RO          932    x$fpl$fpinit        fz_wm.l(fpinit.o)
    0x080025e6   0x080025e6   0x00000010   Data   RO          368    .rodata.AHBPrescTable  system_stm32l4xx.o
    0x080025f6   0x080025f6   0x00000002   PAD
    0x080025f8   0x080025f8   0x00000030   Data   RO          370    .rodata.MSIRangeTable  system_stm32l4xx.o
    0x08002628   0x08002628   0x0000001a   Data   RO            4    .rodata.str1.1      main.o
    0x08002642   0x08002642   0x00000002   PAD
    0x08002644   0x08002644   0x00000004   Data   RO          708    .rodata.uxTopUsedPriority  tasks.o
    0x08002648   0x08002648   0x00000020   Data   RO          993    Region$$Table       anon$$obj.o


    Execution Region ER_RW (Exec base: 0x20000000, Load base: 0x08002668, Size: 0x00000010, Max: 0xffffffff, ABSOLUTE)

    Exec Addr    Load Addr    Size         Type   Attr      Idx    E Section Name        Object

    0x20000000   0x08002668   0x00000004   Data   RW          110    .data.GDms          taskled.o
    0x20000004   0x0800266c   0x00000004   Data   RW          111    .data.RDms          taskled.o
    0x20000008   0x08002670   0x00000004   Data   RW          367    .data.SystemCoreClock  system_stm32l4xx.o
    0x2000000c   0x08002674   0x00000004   Data   RW          460    .data.uxCriticalNesting  port.o


    Execution Region ER_ZI (Exec base: 0x20000010, Load base: 0x08002678, Size: 0x00003200, Max: 0xffffffff, ABSOLUTE)

    Exec Addr    Load Addr    Size         Type   Attr      Idx    E Section Name        Object

    0x20000010        -       0x00000060   Zero   RW          860    .bss                c_w.l(libspace.o)
    0x20000070        -       0x00000190   Zero   RW          138    .bss.clib_mutex_cb  clib_arm.o
    0x20000200        -       0x00000014   Zero   RW          137    .bss.clib_mutex_id  clib_arm.o
    0x20000214        -       0x00000050   Zero   RW          801    .bss.prvCheckForValidListAndQueue.ucStaticTimerQueueStorage  timers.o
    0x20000264        -       0x00000050   Zero   RW          800    .bss.prvCheckForValidListAndQueue.xStaticTimerQueue  timers.o
    0x200002b4        -       0x00000004   Zero   RW          797    .bss.prvSampleTimeNow.xLastTime  timers.o
    0x200002b8        -       0x00000004   Zero   RW          707    .bss.pxCurrentTCB   tasks.o
    0x200002bc        -       0x00000004   Zero   RW          795    .bss.pxCurrentTimerList  timers.o
    0x200002c0        -       0x00000004   Zero   RW          715    .bss.pxDelayedTaskList  tasks.o
    0x200002c4        -       0x00000004   Zero   RW          485    .bss.pxEnd          heap_4.o
    0x200002c8        -       0x00000004   Zero   RW          716    .bss.pxOverflowDelayedTaskList  tasks.o
    0x200002cc        -       0x00000004   Zero   RW          796    .bss.pxOverflowTimerList  timers.o
    0x200002d0        -       0x00000460   Zero   RW          718    .bss.pxReadyTasksLists  tasks.o
    0x20000730        -       0x00002000   Zero   RW          492    .bss.ucHeap         heap_4.o
    0x20002730        -       0x00000004   Zero   RW          712    .bss.uxCurrentNumberOfTasks  tasks.o
    0x20002734        -       0x00000004   Zero   RW          711    .bss.uxDeletedTasksWaitingCleanUp  tasks.o
    0x20002738        -       0x00000004   Zero   RW          720    .bss.uxSchedulerSuspended  tasks.o
    0x2000273c        -       0x00000004   Zero   RW          709    .bss.uxTaskNumber   tasks.o
    0x20002740        -       0x00000004   Zero   RW          719    .bss.uxTopReadyPriority  tasks.o
    0x20002744        -       0x00000200   Zero   RW          314    .bss.vApplicationGetIdleTaskMemory.Idle_Stack  cmsis_os2.o
    0x20002944        -       0x0000005c   Zero   RW          313    .bss.vApplicationGetIdleTaskMemory.Idle_TCB  cmsis_os2.o
    0x200029a0        -       0x00000140   Zero   RW          316    .bss.vApplicationGetTimerTaskMemory.Timer_Stack  cmsis_os2.o
    0x20002ae0        -       0x0000005c   Zero   RW          315    .bss.vApplicationGetTimerTaskMemory.Timer_TCB  cmsis_os2.o
    0x20002b3c        -       0x00000001   Zero   RW          112    .bss.vTask_PA0.inizio  taskled.o
    0x20002b3d   0x08002678   0x00000003   PAD
    0x20002b40        -       0x00000014   Zero   RW          798    .bss.xActiveTimerList1  timers.o
    0x20002b54        -       0x00000014   Zero   RW          799    .bss.xActiveTimerList2  timers.o
    0x20002b68        -       0x00000001   Zero   RW          486    .bss.xBlockAllocatedBit  heap_4.o
    0x20002b69   0x08002678   0x00000003   PAD
    0x20002b6c        -       0x00000014   Zero   RW          727    .bss.xDelayedTaskList1  tasks.o
    0x20002b80        -       0x00000014   Zero   RW          728    .bss.xDelayedTaskList2  tasks.o
    0x20002b94        -       0x00000004   Zero   RW          487    .bss.xFreeBytesRemaining  heap_4.o
    0x20002b98        -       0x00000004   Zero   RW          723    .bss.xIdleTaskHandle  tasks.o
    0x20002b9c        -       0x00000004   Zero   RW          489    .bss.xMinimumEverFreeBytesRemaining  heap_4.o
    0x20002ba0        -       0x00000004   Zero   RW          724    .bss.xNextTaskUnblockTime  tasks.o
    0x20002ba4        -       0x00000004   Zero   RW          726    .bss.xNumOfOverflows  tasks.o
    0x20002ba8        -       0x00000004   Zero   RW          490    .bss.xNumberOfSuccessfulAllocations  heap_4.o
    0x20002bac        -       0x00000004   Zero   RW          491    .bss.xNumberOfSuccessfulFrees  heap_4.o
    0x20002bb0        -       0x00000004   Zero   RW          725    .bss.xPendedTicks   tasks.o
    0x20002bb4        -       0x00000014   Zero   RW          722    .bss.xPendingReadyList  tasks.o
    0x20002bc8        -       0x00000004   Zero   RW          713    .bss.xSchedulerRunning  tasks.o
    0x20002bcc        -       0x00000008   Zero   RW          488    .bss.xStart         heap_4.o
    0x20002bd4        -       0x00000014   Zero   RW          717    .bss.xSuspendedTaskList  tasks.o
    0x20002be8        -       0x00000014   Zero   RW          710    .bss.xTasksWaitingTermination  tasks.o
    0x20002bfc        -       0x00000004   Zero   RW          714    .bss.xTickCount     tasks.o
    0x20002c00        -       0x00000004   Zero   RW          793    .bss.xTimerQueue    timers.o
    0x20002c04        -       0x00000004   Zero   RW          794    .bss.xTimerTaskHandle  timers.o
    0x20002c08        -       0x00000004   Zero   RW          721    .bss.xYieldPending  tasks.o
    0x20002c0c   0x08002678   0x00000004   PAD
    0x20002c10        -       0x00000200   Zero   RW          354    HEAP                startup_stm32l476xx.o
    0x20002e10        -       0x00000400   Zero   RW          353    STACK               startup_stm32l476xx.o


==============================================================================

Image component sizes


      Code (inc. data)   RO Data    RW Data    ZI Data      Debug   Object Name

       202          0          0          0        420       3346   clib_arm.o
        80          0          0          0       1016      41105   cmsis_os2.o
       584          0          0          0       8221       4453   heap_4.o
       132          0          0          0          0       3612   led.o
       122          0          0          0          0       2250   list.o
       140         28         26          0          0        378   main.o
       532         16          0          4          0       2876   port.o
       298          0          0          0          0       2657   puls.o
      1798          0          0          0          0      18555   queue.o
        64         26        392          0       1536        880   startup_stm32l476xx.o
       242          0          0          0          0       6444   sysclock.o
       258          4         64          4          0       3056   system_stm32l4xx.o
        98          0          0          8          1        884   taskled.o
      3060          8          4          0       1280      29703   tasks.o
       920         18          0          0        220      13177   timers.o

    ----------------------------------------------------------------------
      8660        100        522         16      12704     133376   Object Totals
         0          0         32          0          0          0   (incl. Generated)
       130          0          4          0         10          0   (incl. Padding)

    ----------------------------------------------------------------------

      Code (inc. data)   RO Data    RW Data    ZI Data      Debug   Library Member Name

         8          0          0          0          0         68   __main.o
         0          0          0          0          0          0   __rtentry.o
        20          0          0          0          0          0   __rtentry2.o
         6          0          0          0          0          0   __rtentry4.o
        52          8          0          0          0          0   __scatter.o
        26          0          0          0          0          0   __scatter_copy.o
        28          0          0          0          0          0   __scatter_zi.o
        16          0          0          0          0         68   aeabi_memset4.o
        18          0          0          0          0         80   exit.o
         6          0          0          0          0        152   heapauxi.o
         0          0          0          0          0          0   indicate_semi.o
         2          0          0          0          0          0   libinit.o
         6          0          0          0          0          0   libinit2.o
         2          0          0          0          0          0   libshutdown.o
         2          0          0          0          0          0   libshutdown2.o
         8          4          0          0         96         68   libspace.o
        78          0          0          0          0         80   rt_memclr_w.o
       138          0          0          0          0         68   rt_memcpy_v6.o
       100          0          0          0          0         80   rt_memcpy_w.o
         2          0          0          0          0          0   rtexit.o
        10          0          0          0          0          0   rtexit2.o
        12          4          0          0          0         68   sys_exit.o
        74          0          0          0          0         80   sys_stackheap_outer.o
         2          0          0          0          0         68   use_no_semi.o
        26          0          0          0          0        116   fpinit.o

    ----------------------------------------------------------------------
       650         16          0          0         96        996   Library Totals
         8          0          0          0          0          0   (incl. Padding)

    ----------------------------------------------------------------------

      Code (inc. data)   RO Data    RW Data    ZI Data      Debug   Library Name

       616         16          0          0         96        880   c_w.l
        26          0          0          0          0        116   fz_wm.l

    ----------------------------------------------------------------------
       650         16          0          0         96        996   Library Totals

    ----------------------------------------------------------------------

==============================================================================


      Code (inc. data)   RO Data    RW Data    ZI Data      Debug   

      9310        116        522         16      12800     133748   Grand Totals
      9310        116        522         16      12800     133748   ELF Image Totals
      9310        116        522         16          0          0   ROM Totals

==============================================================================

    Total RO  Size (Code + RO Data)                 9832 (   9.60kB)
    Total RW  Size (RW Data + ZI Data)             12816 (  12.52kB)
    Total ROM Size (Code + RO Data + RW Data)       9848 (   9.62kB)

==============================================================================

